[*] Host: v019.ib.bridges2.psc.edu  arch=cpgenie  started Sat Aug 29 16:15:07 EDT 2026
Tesla V100-SXM2-32GB, 32768 MiB
device: cuda
train 345359  val 46557  test 26570
cpgenie: 2,006,658 parameters
tuning over 9 configurations on the validation split
  epoch 1: train_loss 6.4229  val beta_mae 0.3458  val auc 0.5000
  epoch 2: train_loss 4.0466  val beta_mae 0.3461  val auc 0.5000
  epoch 3: train_loss 4.0464  val beta_mae 0.3450  val auc 0.5000
  epoch 4: train_loss 4.0464  val beta_mae 0.3463  val auc 0.5000
  epoch 5: train_loss 4.0466  val beta_mae 0.3458  val auc 0.5000
  epoch 6: train_loss 4.0464  val beta_mae 0.3464  val auc 0.5000
  epoch 7: train_loss 4.0465  val beta_mae 0.3464  val auc 0.5000
  epoch 8: train_loss 4.0463  val beta_mae 0.3452  val auc 0.5000
  epoch 9: train_loss 4.0464  val beta_mae 0.3464  val auc 0.5000
  epoch 10: train_loss 4.0464  val beta_mae 0.3452  val auc 0.5000
  -> dropout 0.3 lr 0.01: val beta MAE 0.3450
  epoch 1: train_loss 2.2049  val beta_mae 0.1761  val auc 0.9167
  epoch 2: train_loss 1.8351  val beta_mae 0.1426  val auc 0.9309
  epoch 3: train_loss 1.7340  val beta_mae 0.1337  val auc 0.9357
  epoch 4: train_loss 1.6736  val beta_mae 0.1599  val auc 0.9364
  epoch 5: train_loss 1.6325  val beta_mae 0.1313  val auc 0.9386
  epoch 6: train_loss 1.5978  val beta_mae 0.1370  val auc 0.9397
  epoch 7: train_loss 1.5733  val beta_mae 0.1333  val auc 0.9395
  epoch 8: train_loss 1.5502  val beta_mae 0.1344  val auc 0.9395
  epoch 9: train_loss 1.5358  val beta_mae 0.1388  val auc 0.9403
  epoch 10: train_loss 1.5199  val beta_mae 0.1295  val auc 0.9410
  -> dropout 0.3 lr 0.001: val beta MAE 0.1295
  epoch 1: train_loss 2.4429  val beta_mae 0.1631  val auc 0.9082
  epoch 2: train_loss 2.0193  val beta_mae 0.1506  val auc 0.9180
  epoch 3: train_loss 1.9007  val beta_mae 0.1452  val auc 0.9239
  epoch 4: train_loss 1.8343  val beta_mae 0.1465  val auc 0.9265
  epoch 5: train_loss 1.7873  val beta_mae 0.1438  val auc 0.9283
  epoch 6: train_loss 1.7467  val beta_mae 0.1472  val auc 0.9321
  epoch 7: train_loss 1.7080  val beta_mae 0.1430  val auc 0.9332
  epoch 8: train_loss 1.6761  val beta_mae 0.1388  val auc 0.9327
  epoch 9: train_loss 1.6462  val beta_mae 0.1380  val auc 0.9364
  epoch 10: train_loss 1.6172  val beta_mae 0.1329  val auc 0.9370
  -> dropout 0.3 lr 0.0001: val beta MAE 0.1329
  epoch 1: train_loss 5.6381  val beta_mae 0.3458  val auc 0.5000
  epoch 2: train_loss 4.0466  val beta_mae 0.3461  val auc 0.5000
  epoch 3: train_loss 4.0464  val beta_mae 0.3450  val auc 0.5000
  epoch 4: train_loss 4.0464  val beta_mae 0.3463  val auc 0.5000
  epoch 5: train_loss 4.0466  val beta_mae 0.3458  val auc 0.5000
  epoch 6: train_loss 4.0464  val beta_mae 0.3464  val auc 0.5000
  epoch 7: train_loss 4.0465  val beta_mae 0.3464  val auc 0.5000
  epoch 8: train_loss 4.0463  val beta_mae 0.3452  val auc 0.5000
  epoch 9: train_loss 4.0464  val beta_mae 0.3464  val auc 0.5000
  epoch 10: train_loss 4.0464  val beta_mae 0.3452  val auc 0.5000
  -> dropout 0.5 lr 0.01: val beta MAE 0.3450
  epoch 1: train_loss 2.3322  val beta_mae 0.1532  val auc 0.9157
  epoch 2: train_loss 1.9284  val beta_mae 0.1385  val auc 0.9292
  epoch 3: train_loss 1.8380  val beta_mae 0.1347  val auc 0.9328
  epoch 4: train_loss 1.7870  val beta_mae 0.1462  val auc 0.9334
  epoch 5: train_loss 1.7597  val beta_mae 0.1317  val auc 0.9362
  epoch 6: train_loss 1.7402  val beta_mae 0.1409  val auc 0.9347
  epoch 7: train_loss 1.7234  val beta_mae 0.1318  val auc 0.9371
  epoch 8: train_loss 1.7087  val beta_mae 0.1516  val auc 0.9315
  epoch 9: train_loss 1.6915  val beta_mae 0.1313  val auc 0.9388
  epoch 10: train_loss 1.6809  val beta_mae 0.1382  val auc 0.9381
  -> dropout 0.5 lr 0.001: val beta MAE 0.1313
  epoch 1: train_loss 2.6040  val beta_mae 0.1838  val auc 0.9085
  epoch 2: train_loss 2.1492  val beta_mae 0.1536  val auc 0.9192
  epoch 3: train_loss 2.0329  val beta_mae 0.1503  val auc 0.9219
  epoch 4: train_loss 1.9648  val beta_mae 0.1554  val auc 0.9233
  epoch 5: train_loss 1.9109  val beta_mae 0.1507  val auc 0.9240
  epoch 6: train_loss 1.8663  val beta_mae 0.1463  val auc 0.9273
  epoch 7: train_loss 1.8227  val beta_mae 0.1396  val auc 0.9291
  epoch 8: train_loss 1.7819  val beta_mae 0.1384  val auc 0.9276
  epoch 9: train_loss 1.7508  val beta_mae 0.1448  val auc 0.9331
  epoch 10: train_loss 1.7146  val beta_mae 0.1313  val auc 0.9336
  -> dropout 0.5 lr 0.0001: val beta MAE 0.1313
  epoch 1: train_loss 4.7871  val beta_mae 0.1859  val auc 0.8947
  epoch 2: train_loss 2.4686  val beta_mae 0.1814  val auc 0.8911
  epoch 3: train_loss 2.6577  val beta_mae 0.3382  val auc 0.6464
  epoch 4: train_loss 2.6276  val beta_mae 0.1727  val auc 0.8584
  epoch 5: train_loss 2.6506  val beta_mae 0.1813  val auc 0.8702
  epoch 6: train_loss 2.7871  val beta_mae 0.3112  val auc 0.7264
  epoch 7: train_loss 2.7621  val beta_mae 0.1892  val auc 0.8612
  epoch 8: train_loss 2.7493  val beta_mae 0.2434  val auc 0.8609
  epoch 9: train_loss 2.7882  val beta_mae 0.2678  val auc 0.8566
  epoch 10: train_loss 2.8220  val beta_mae 0.2790  val auc 0.8221
  -> dropout 0.7 lr 0.01: val beta MAE 0.1727
  epoch 1: train_loss 2.5904  val beta_mae 0.1716  val auc 0.9187
  epoch 2: train_loss 2.1277  val beta_mae 0.1452  val auc 0.9268
  epoch 3: train_loss 2.0569  val beta_mae 0.1508  val auc 0.9276
  epoch 4: train_loss 2.0223  val beta_mae 0.1496  val auc 0.9310
  epoch 5: train_loss 2.0059  val beta_mae 0.1530  val auc 0.9317
  epoch 6: train_loss 2.0007  val beta_mae 0.1456  val auc 0.9337
  epoch 7: train_loss 1.9935  val beta_mae 0.1453  val auc 0.9330
  epoch 8: train_loss 1.9917  val beta_mae 0.1428  val auc 0.9335
  epoch 9: train_loss 1.9814  val beta_mae 0.1574  val auc 0.9319
  epoch 10: train_loss 1.9817  val beta_mae 0.1438  val auc 0.9337
  -> dropout 0.7 lr 0.001: val beta MAE 0.1428
  epoch 1: train_loss 2.8770  val beta_mae 0.2297  val auc 0.9085
  epoch 2: train_loss 2.4061  val beta_mae 0.1690  val auc 0.9198
  epoch 3: train_loss 2.2681  val beta_mae 0.1596  val auc 0.9226
  epoch 4: train_loss 2.1809  val beta_mae 0.1558  val auc 0.9246
  epoch 5: train_loss 2.1008  val beta_mae 0.1467  val auc 0.9266
  epoch 6: train_loss 2.0390  val beta_mae 0.1462  val auc 0.9287
  epoch 7: train_loss 1.9866  val beta_mae 0.1386  val auc 0.9320
  epoch 8: train_loss 1.9487  val beta_mae 0.1436  val auc 0.9311
  epoch 9: train_loss 1.9228  val beta_mae 0.1364  val auc 0.9342
  epoch 10: train_loss 1.8977  val beta_mae 0.1369  val auc 0.9351
  -> dropout 0.7 lr 0.0001: val beta MAE 0.1364

selected: dropout 0.3 lr 0.001 (val beta MAE 0.1295)
[done] cpgenie Sat Aug 29 17:22:08 EDT 2026
