[*] Host: v023.ib.bridges2.psc.edu  arch=deepcpg  started Sat Aug 29 16:13:09 EDT 2026
Tesla V100-SXM2-32GB, 32768 MiB
device: cuda
train 345359  val 46557  test 26570
deepcpg: 4,102,402 parameters
tuning over 3 configurations on the validation split
  epoch 1: train_loss 1.9325  val beta_mae 0.1473  val auc 0.9264
  epoch 2: train_loss 1.6582  val beta_mae 0.1330  val auc 0.9343
  epoch 3: train_loss 1.5916  val beta_mae 0.1300  val auc 0.9377
  epoch 4: train_loss 1.5457  val beta_mae 0.1354  val auc 0.9391
  epoch 5: train_loss 1.5109  val beta_mae 0.1286  val auc 0.9406
  epoch 6: train_loss 1.4729  val beta_mae 0.1262  val auc 0.9414
  epoch 7: train_loss 1.4379  val beta_mae 0.1300  val auc 0.9411
  epoch 8: train_loss 1.4019  val beta_mae 0.1252  val auc 0.9438
  epoch 9: train_loss 1.3651  val beta_mae 0.1269  val auc 0.9430
  epoch 10: train_loss 1.3196  val beta_mae 0.1280  val auc 0.9433
  -> dropout 0.0 lr 0.001: val beta MAE 0.1252
  epoch 1: train_loss 1.9882  val beta_mae 0.1463  val auc 0.9265
  epoch 2: train_loss 1.7664  val beta_mae 0.1409  val auc 0.9333
  epoch 3: train_loss 1.7010  val beta_mae 0.1362  val auc 0.9354
  epoch 4: train_loss 1.6639  val beta_mae 0.1348  val auc 0.9376
  epoch 5: train_loss 1.6342  val beta_mae 0.1315  val auc 0.9397
  epoch 6: train_loss 1.5992  val beta_mae 0.1287  val auc 0.9410
  epoch 7: train_loss 1.5674  val beta_mae 0.1375  val auc 0.9419
  epoch 8: train_loss 1.5426  val beta_mae 0.1278  val auc 0.9433
  epoch 9: train_loss 1.5187  val beta_mae 0.1279  val auc 0.9430
  epoch 10: train_loss 1.4948  val beta_mae 0.1275  val auc 0.9444
  -> dropout 0.3 lr 0.001: val beta MAE 0.1275
  epoch 1: train_loss 2.0783  val beta_mae 0.1473  val auc 0.9221
  epoch 2: train_loss 1.8579  val beta_mae 0.1456  val auc 0.9305
  epoch 3: train_loss 1.7927  val beta_mae 0.1371  val auc 0.9346
  epoch 4: train_loss 1.7530  val beta_mae 0.1386  val auc 0.9366
  epoch 5: train_loss 1.7282  val beta_mae 0.1335  val auc 0.9389
  epoch 6: train_loss 1.6948  val beta_mae 0.1387  val auc 0.9386
  epoch 7: train_loss 1.6686  val beta_mae 0.1379  val auc 0.9410
  epoch 8: train_loss 1.6445  val beta_mae 0.1346  val auc 0.9422
  epoch 9: train_loss 1.6262  val beta_mae 0.1324  val auc 0.9422
  epoch 10: train_loss 1.6028  val beta_mae 0.1312  val auc 0.9439
  -> dropout 0.5 lr 0.001: val beta MAE 0.1312

selected: dropout 0.0 lr 0.001 (val beta MAE 0.1252)
[done] deepcpg Sat Aug 29 16:31:50 EDT 2026
