[*] Host: v023.ib.bridges2.psc.edu
[*] Job ID: 43232496
[*] Starting journal gated fusion training
[*] seed=42 physical_batch=32 grad_accum=1 effective_batch=32
[*] Sequence ancestor: checkpoints_journal/seed42/sequence/best_weights.pth
[*] Context ancestor:  checkpoints_journal/seed42/epi/best_weights.pth
[*] Modality towers remain frozen; only gated fusion logic + fresh heads are trained.
Sun Aug  9 09:27:36 2026       
+-----------------------------------------------------------------------------------------+
| NVIDIA-SMI 560.35.03              Driver Version: 560.35.03      CUDA Version: 12.6     |
|-----------------------------------------+------------------------+----------------------+
| GPU  Name                 Persistence-M | Bus-Id          Disp.A | Volatile Uncorr. ECC |
| Fan  Temp   Perf          Pwr:Usage/Cap |           Memory-Usage | GPU-Util  Compute M. |
|                                         |                        |               MIG M. |
|=========================================+========================+======================|
|   0  Tesla V100-SXM2-32GB           On  |   00000000:16:00.0 Off |                    0 |
| N/A   31C    P0             39W /  300W |       1MiB /  32768MiB |      0%      Default |
|                                         |                        |                  N/A |
+-----------------------------------------+------------------------+----------------------+
                                                                                         
+-----------------------------------------------------------------------------------------+
| Processes:                                                                              |
|  GPU   GI   CI        PID   Type   Process name                              GPU Memory |
|        ID   ID                                                               Usage      |
|=========================================================================================|
|  No running processes found                                                             |
+-----------------------------------------------------------------------------------------+
[✓] Gated fusion journal training complete: checkpoints_journal/seed42/fusion
