=== ST-Breast (Luminal) zero-shot across nine tissues ===
--- BreastMammaryTissue ---

wrote results/journal/melody_st/st_breast_BreastMammaryTissue.csv (76893 rows)
--- ColonTransverse ---

wrote results/journal/melody_st/st_breast_ColonTransverse.csv (76453 rows)
--- KidneyCortex ---

wrote results/journal/melody_st/st_breast_KidneyCortex.csv (75873 rows)
--- Lung ---

wrote results/journal/melody_st/st_breast_Lung.csv (77421 rows)
--- MuscleSkeletal ---

wrote results/journal/melody_st/st_breast_MuscleSkeletal.csv (74864 rows)
--- Ovary ---

wrote results/journal/melody_st/st_breast_Ovary.csv (76985 rows)
--- Prostate ---

wrote results/journal/melody_st/st_breast_Prostate.csv (70218 rows)
--- Testis ---

wrote results/journal/melody_st/st_breast_Testis.csv (73524 rows)
--- WholeBlood ---

wrote results/journal/melody_st/st_breast_WholeBlood.csv (75517 rows)
=== ST-Lung (Alveolar) on Lung only -- the tissue-matched arm ===

wrote results/journal/melody_st/st_lung_Lung.csv (77421 rows)
=== done 2026-09-06T03:02:47Z ===
