2026-08-28 07:33:29,800 - MinHash sketch=128 -> Jaccard standard error ~0.088
2026-08-28 07:33:29,802 - reading data/datafiles/train.csv
2026-08-28 07:33:33,132 -   train.csv: 2000 probes
2026-08-28 07:33:36,262 -   train.csv: 4000 probes
2026-08-28 07:33:39,456 -   train.csv: 6000 probes
2026-08-28 07:33:42,582 -   train.csv: 8000 probes
2026-08-28 07:33:44,884 -   train.csv: 10000 probes
2026-08-28 07:33:47,762 -   train.csv: 12000 probes
2026-08-28 07:33:50,755 -   train.csv: 14000 probes
2026-08-28 07:33:52,575 -   train.csv: 16000 probes
2026-08-28 07:33:54,881 -   train.csv: 18000 probes
2026-08-28 07:33:56,780 -   train.csv: 20000 probes
2026-08-28 07:33:58,974 -   train.csv: 22000 probes
2026-08-28 07:34:01,102 -   train.csv: 24000 probes
2026-08-28 07:34:02,908 -   train.csv: 26000 probes
2026-08-28 07:34:04,658 -   train.csv: 28000 probes
2026-08-28 07:34:07,011 -   train.csv: 30000 probes
2026-08-28 07:34:08,494 -   train.csv: 32000 probes
2026-08-28 07:34:10,342 -   train.csv: 34000 probes
2026-08-28 07:34:12,234 -   train.csv: 36000 probes
2026-08-28 07:34:13,682 -   train.csv: 38000 probes
2026-08-28 07:34:15,165 -   train.csv: 40000 probes
2026-08-28 07:34:16,693 -   train.csv: 42000 probes
2026-08-28 07:34:18,466 -   train.csv: 44000 probes
2026-08-28 07:34:19,761 -   train.csv: 46000 probes
2026-08-28 07:34:21,326 -   train.csv: 48000 probes
2026-08-28 07:34:23,005 -   train.csv: 50000 probes
2026-08-28 07:34:24,346 -   train.csv: 52000 probes
2026-08-28 07:34:25,209 -   train.csv: 54000 probes
2026-08-28 07:34:26,633 -   train.csv: 56000 probes
2026-08-28 07:34:27,903 -   train.csv: 58000 probes
2026-08-28 07:34:28,964 -   train.csv: 60000 probes
2026-08-28 07:34:30,185 -   train.csv: 62000 probes
2026-08-28 07:34:31,288 -   train.csv: 64000 probes
2026-08-28 07:34:32,457 -   train.csv: 66000 probes
2026-08-28 07:34:33,489 -   train.csv: 68000 probes
2026-08-28 07:34:34,624 -   train.csv: 70000 probes
2026-08-28 07:34:35,856 -   train.csv: 72000 probes
2026-08-28 07:34:36,988 -   train.csv: 74000 probes
2026-08-28 07:34:38,510 -   train.csv: 76000 probes
2026-08-28 07:34:39,622 -   train.csv: 78000 probes
2026-08-28 07:34:40,785 -   train.csv: 80000 probes
2026-08-28 07:34:42,353 -   train.csv: 82000 probes
2026-08-28 07:34:43,543 -   train.csv: 84000 probes
2026-08-28 07:34:44,598 -   train.csv: 86000 probes
2026-08-28 07:34:45,551 -   train.csv: 88000 probes
2026-08-28 07:34:46,683 -   train.csv: 90000 probes
2026-08-28 07:34:47,800 -   train.csv: 92000 probes
2026-08-28 07:34:48,866 -   train.csv: 94000 probes
2026-08-28 07:34:50,278 -   train.csv: 96000 probes
2026-08-28 07:34:51,143 -   train.csv: 98000 probes
2026-08-28 07:34:52,159 -   train.csv: 100000 probes
2026-08-28 07:34:53,185 -   train.csv: 102000 probes
2026-08-28 07:34:54,396 -   train.csv: 104000 probes
2026-08-28 07:34:55,321 -   train.csv: 106000 probes
2026-08-28 07:34:56,390 -   train.csv: 108000 probes
2026-08-28 07:34:57,773 -   train.csv: 110000 probes
2026-08-28 07:34:58,841 -   train.csv: 112000 probes
2026-08-28 07:35:00,042 -   train.csv: 114000 probes
2026-08-28 07:35:01,121 -   train.csv: 116000 probes
2026-08-28 07:35:02,472 -   train.csv: 118000 probes
2026-08-28 07:35:03,720 -   train.csv: 120000 probes
2026-08-28 07:35:04,691 -   train.csv: 122000 probes
2026-08-28 07:35:05,644 -   train.csv: 124000 probes
2026-08-28 07:35:06,640 -   train.csv: 126000 probes
2026-08-28 07:35:07,642 -   train.csv: 128000 probes
2026-08-28 07:35:08,942 -   train.csv: 130000 probes
2026-08-28 07:35:10,574 -   train.csv: 132000 probes
2026-08-28 07:35:11,516 -   train.csv: 134000 probes
2026-08-28 07:35:12,544 -   train.csv: 136000 probes
2026-08-28 07:35:14,232 -   train.csv: 138000 probes
2026-08-28 07:35:15,299 -   train.csv: 140000 probes
2026-08-28 07:35:16,347 -   train.csv: 142000 probes
2026-08-28 07:35:17,470 -   train.csv: 144000 probes
2026-08-28 07:35:18,293 -   train.csv: 146000 probes
2026-08-28 07:35:19,455 -   train.csv: 148000 probes
2026-08-28 07:35:20,327 -   train.csv: 150000 probes
2026-08-28 07:35:21,344 -   train.csv: 152000 probes
2026-08-28 07:35:22,434 -   train.csv: 154000 probes
2026-08-28 07:35:23,545 -   train.csv: 156000 probes
2026-08-28 07:35:24,682 -   train.csv: 158000 probes
2026-08-28 07:35:25,589 -   train.csv: 160000 probes
2026-08-28 07:35:26,614 -   train.csv: 162000 probes
2026-08-28 07:35:27,595 -   train.csv: 164000 probes
2026-08-28 07:35:28,567 -   train.csv: 166000 probes
2026-08-28 07:35:29,442 -   train.csv: 168000 probes
2026-08-28 07:35:30,363 -   train.csv: 170000 probes
2026-08-28 07:35:31,204 -   train.csv: 172000 probes
2026-08-28 07:35:31,881 -   train.csv: 174000 probes
2026-08-28 07:35:32,796 -   train.csv: 176000 probes
2026-08-28 07:35:33,567 -   train.csv: 178000 probes
2026-08-28 07:35:34,549 -   train.csv: 180000 probes
2026-08-28 07:35:35,422 -   train.csv: 182000 probes
2026-08-28 07:35:36,322 -   train.csv: 184000 probes
2026-08-28 07:35:37,235 -   train.csv: 186000 probes
2026-08-28 07:35:38,289 -   train.csv: 188000 probes
2026-08-28 07:35:39,095 -   train.csv: 190000 probes
2026-08-28 07:35:40,163 -   train.csv: 192000 probes
2026-08-28 07:35:41,157 -   train.csv: 194000 probes
2026-08-28 07:35:42,317 -   train.csv: 196000 probes
2026-08-28 07:35:43,095 -   train.csv: 198000 probes
2026-08-28 07:35:44,057 -   train.csv: 200000 probes
2026-08-28 07:35:45,018 -   train.csv: 202000 probes
2026-08-28 07:35:46,243 -   train.csv: 204000 probes
2026-08-28 07:35:47,160 -   train.csv: 206000 probes
2026-08-28 07:35:48,158 -   train.csv: 208000 probes
2026-08-28 07:35:49,083 -   train.csv: 210000 probes
2026-08-28 07:35:50,249 -   train.csv: 212000 probes
2026-08-28 07:35:51,332 -   train.csv: 214000 probes
2026-08-28 07:35:52,055 -   train.csv: 216000 probes
2026-08-28 07:35:52,880 -   train.csv: 218000 probes
2026-08-28 07:35:54,171 -   train.csv: 220000 probes
2026-08-28 07:35:55,257 -   train.csv: 222000 probes
2026-08-28 07:35:56,095 -   train.csv: 224000 probes
2026-08-28 07:35:56,995 -   train.csv: 226000 probes
2026-08-28 07:35:58,139 -   train.csv: 228000 probes
2026-08-28 07:35:59,040 -   train.csv: 230000 probes
2026-08-28 07:36:00,076 -   train.csv: 232000 probes
2026-08-28 07:36:01,002 -   train.csv: 234000 probes
2026-08-28 07:36:02,133 -   train.csv: 236000 probes
2026-08-28 07:36:03,083 -   train.csv: 238000 probes
2026-08-28 07:36:03,989 -   train.csv: 240000 probes
2026-08-28 07:36:04,928 -   train.csv: 242000 probes
2026-08-28 07:36:06,305 -   train.csv: 244000 probes
2026-08-28 07:36:07,117 -   train.csv: 246000 probes
2026-08-28 07:36:08,030 -   train.csv: 248000 probes
2026-08-28 07:36:08,908 -   train.csv: 250000 probes
2026-08-28 07:36:10,152 -   train.csv: 252000 probes
2026-08-28 07:36:11,311 -   train.csv: 254000 probes
2026-08-28 07:36:12,405 -   train.csv: 256000 probes
2026-08-28 07:36:13,630 -   train.csv: 258000 probes
2026-08-28 07:36:14,546 -   train.csv: 260000 probes
2026-08-28 07:36:15,404 -   train.csv: 262000 probes
2026-08-28 07:36:16,332 -   train.csv: 264000 probes
2026-08-28 07:36:17,199 -   train.csv: 266000 probes
2026-08-28 07:36:18,351 -   train.csv: 268000 probes
2026-08-28 07:36:19,253 -   train.csv: 270000 probes
2026-08-28 07:36:20,253 -   train.csv: 272000 probes
2026-08-28 07:36:21,033 -   train.csv: 274000 probes
2026-08-28 07:36:22,229 -   train.csv: 276000 probes
2026-08-28 07:36:23,057 -   train.csv: 278000 probes
2026-08-28 07:36:23,962 -   train.csv: 280000 probes
2026-08-28 07:36:24,640 -   train.csv: 282000 probes
2026-08-28 07:36:25,536 -   train.csv: 284000 probes
2026-08-28 07:36:26,561 -   train.csv: 286000 probes
2026-08-28 07:36:27,330 -   train.csv: 288000 probes
2026-08-28 07:36:28,167 -   train.csv: 290000 probes
2026-08-28 07:36:29,041 -   train.csv: 292000 probes
2026-08-28 07:36:30,360 -   train.csv: 294000 probes
2026-08-28 07:36:31,301 -   train.csv: 296000 probes
2026-08-28 07:36:32,099 -   train.csv: 298000 probes
2026-08-28 07:36:33,087 -   train.csv: 300000 probes
2026-08-28 07:36:34,142 -   train.csv: 302000 probes
2026-08-28 07:36:35,049 -   train.csv: 304000 probes
2026-08-28 07:36:35,880 -   train.csv: 306000 probes
2026-08-28 07:36:36,905 -   train.csv: 308000 probes
2026-08-28 07:36:37,772 -   train.csv: 310000 probes
2026-08-28 07:36:38,630 -   train.csv: 312000 probes
2026-08-28 07:36:39,542 -   train.csv: 314000 probes
2026-08-28 07:36:40,403 -   train.csv: 316000 probes
2026-08-28 07:36:41,181 -   train.csv: 318000 probes
2026-08-28 07:36:42,279 -   train.csv: 320000 probes
2026-08-28 07:36:43,230 -   train.csv: 322000 probes
2026-08-28 07:36:44,104 -   train.csv: 324000 probes
2026-08-28 07:36:45,166 -   train.csv: 326000 probes
2026-08-28 07:36:46,588 -   train.csv: 328000 probes
2026-08-28 07:36:47,690 -   train.csv: 330000 probes
2026-08-28 07:36:48,723 -   train.csv: 332000 probes
2026-08-28 07:36:49,790 -   train.csv: 334000 probes
2026-08-28 07:36:50,890 -   train.csv: 336000 probes
2026-08-28 07:36:51,974 -   train.csv: 338000 probes
2026-08-28 07:36:52,854 -   train.csv: 340000 probes
2026-08-28 07:36:53,624 -   train.csv: 342000 probes
2026-08-28 07:36:54,518 -   train.csv: 344000 probes
2026-08-28 07:36:55,076 -   train.csv: 345359 probes
2026-08-28 07:36:55,336 - reading data/datafiles/val.csv
2026-08-28 07:36:56,465 -   val.csv: 2000 probes
2026-08-28 07:36:57,823 -   val.csv: 4000 probes
2026-08-28 07:36:58,899 -   val.csv: 6000 probes
2026-08-28 07:37:00,049 -   val.csv: 8000 probes
2026-08-28 07:37:01,189 -   val.csv: 10000 probes
2026-08-28 07:37:02,214 -   val.csv: 12000 probes
2026-08-28 07:37:03,312 -   val.csv: 14000 probes
2026-08-28 07:37:04,289 -   val.csv: 16000 probes
2026-08-28 07:37:05,241 -   val.csv: 18000 probes
2026-08-28 07:37:06,209 -   val.csv: 20000 probes
2026-08-28 07:37:07,106 -   val.csv: 22000 probes
2026-08-28 07:37:08,118 -   val.csv: 24000 probes
2026-08-28 07:37:09,051 -   val.csv: 26000 probes
2026-08-28 07:37:10,084 -   val.csv: 28000 probes
2026-08-28 07:37:11,175 -   val.csv: 30000 probes
2026-08-28 07:37:12,417 -   val.csv: 32000 probes
2026-08-28 07:37:13,433 -   val.csv: 34000 probes
2026-08-28 07:37:14,384 -   val.csv: 36000 probes
2026-08-28 07:37:15,286 -   val.csv: 38000 probes
2026-08-28 07:37:16,121 -   val.csv: 40000 probes
2026-08-28 07:37:16,821 -   val.csv: 42000 probes
2026-08-28 07:37:17,512 -   val.csv: 44000 probes
2026-08-28 07:37:18,212 -   val.csv: 46000 probes
2026-08-28 07:37:18,353 -   val.csv: 46557 probes
2026-08-28 07:37:18,377 - reading data/datafiles/test.csv
2026-08-28 07:37:19,382 -   test.csv: 2000 probes
2026-08-28 07:37:20,242 -   test.csv: 4000 probes
2026-08-28 07:37:21,218 -   test.csv: 6000 probes
2026-08-28 07:37:22,155 -   test.csv: 8000 probes
2026-08-28 07:37:23,045 -   test.csv: 10000 probes
2026-08-28 07:37:23,920 -   test.csv: 12000 probes
2026-08-28 07:37:24,864 -   test.csv: 14000 probes
2026-08-28 07:37:25,766 -   test.csv: 16000 probes
2026-08-28 07:37:26,645 -   test.csv: 18000 probes
2026-08-28 07:37:27,497 -   test.csv: 20000 probes
2026-08-28 07:37:28,204 -   test.csv: 22000 probes
2026-08-28 07:37:28,919 -   test.csv: 24000 probes
2026-08-28 07:37:29,641 -   test.csv: 26000 probes
2026-08-28 07:37:29,781 -   test.csv: 26570 probes
2026-08-28 07:37:29,794 - building inverted index over 345359 train probes
2026-08-28 07:37:29,794 - scoring val against train
2026-08-28 07:37:40,375 -   dropped 28257 postings on 10 repeat-like hashes
2026-08-28 07:37:50,695 - scoring test against train
2026-08-28 07:38:01,435 -   dropped 28257 postings on 10 repeat-like hashes
2026-08-28 07:38:08,019 - recomputing exact Jaccard for 70 flagged pairs
