
============================================================================
1. CROSS-SPLIT SEQUENCE SIMILARITY  (estimated Jaccard, 31-mers)
   sketch=128, standard error ~0.088
   val   n= 46,557  median=0.000  p99=0.094  >0.5: 30 (0.06%)  >0.8: 11
   test  n= 26,570  median=0.000  p99=0.094  >0.5: 4 (0.02%)  >0.8: 2
   A median near zero is the expected, healthy result. What matters is
   the tail: probes above 0.5 share most of their 31-mers with a training
   probe and are not independent tests of generalisation.

============================================================================
2. PROBE QC COMPOSITION  (% of each split failing each manifest mask)
split      n  MASK_general_pct  MASK_snp5_common_pct  MASK_snp5_GMAF1p_pct  MASK_mapping_pct  MASK_typeINextBaseSwitch_pct  MASK_rmsk15_pct
train 345359               0.0                10.956                   0.0               0.0                           0.0           14.421
  val  46557               0.0                11.659                   0.0               0.0                           0.0           14.127
 test  26570               0.0                11.686                   0.0               0.0                           0.0           15.706

============================================================================
3. SPLIT COMPARABILITY
split      n  median_beta  sd_m_value  fraction_beta_below_0.3  fraction_beta_above_0.7
train 345359     0.550226    3.547256                 0.399361                 0.422685
  val  46557     0.596429    3.536480                 0.384862                 0.440643
 test  26570     0.641619    3.462741                 0.360595                 0.465299
============================================================================

wrote results/journal/training_data_audit
