2026-08-28 00:09:21,333 - self-checks passed: {'rc_invariance_max_abs_diff_kmer': 0.0, 'rc_invariance_max_abs_diff_composition': 0.0, 'n_kmer_features': 2772, 'training_common_agreement': {'checked': False, 'reason': 'ModuleNotFoundError'}}
2026-08-28 00:09:21,334 - [composition] 3 features
2026-08-28 00:09:41,629 - [composition] train: 100000 rows
2026-08-28 00:10:02,229 - [composition] train: 200000 rows
2026-08-28 00:10:22,616 - [composition] train: 300000 rows
2026-08-28 00:10:30,299 - [composition] train: 345359 rows accumulated
2026-08-28 00:10:38,669 - [composition] val: 46557 rows accumulated
2026-08-28 00:10:38,674 - [composition] alpha=0.01     train_mse=6.40492 val_mse=6.28670
2026-08-28 00:10:38,675 - [composition] alpha=0.1      train_mse=6.40492 val_mse=6.28670
2026-08-28 00:10:38,675 - [composition] alpha=1        train_mse=6.40492 val_mse=6.28670
2026-08-28 00:10:38,675 - [composition] alpha=10       train_mse=6.40492 val_mse=6.28671
2026-08-28 00:10:38,675 - [composition] alpha=100      train_mse=6.40492 val_mse=6.28677
2026-08-28 00:10:38,675 - [composition] alpha=1000     train_mse=6.40500 val_mse=6.28740
2026-08-28 00:10:38,675 - [composition] alpha=10000    train_mse=6.40975 val_mse=6.29418
2026-08-28 00:10:38,675 - [composition] alpha=100000   train_mse=6.55917 val_mse=6.44004
2026-08-28 00:10:38,675 - [composition] alpha=1e+06    train_mse=8.35720 val_mse=8.27808
2026-08-28 00:10:38,675 - [composition] selected alpha=0.01 on validation MSE
2026-08-28 00:10:51,683 - [composition] test: m_rmse=2.4792 m_pearson=0.7025 auc=0.8748
2026-08-28 00:11:06,519 - [composition] materialised 19081 target probes
2026-08-28 00:11:13,283 - [composition] variant counters: {'scoreable': 66495, 'probe_not_in_splits': 0, 'bad_stored_sequence_length': 0, 'stored_sequence_not_cpg_centred': 0, 'outside_model_window': 0, 'alters_target_cpg': 0, 'reference_base_mismatch': 0, 'window_not_cpg_centred': 0}
2026-08-28 00:11:14,479 - [composition] -> results/journal/sequence_baselines/variant_scoring/heldout/composition/seed-1/pair_scores.csv (66495 rows)
2026-08-28 00:11:14,480 - [kmer_ridge] 2772 features
2026-08-28 00:11:50,964 - [kmer_ridge] train: 100000 rows
2026-08-28 00:12:27,599 - [kmer_ridge] train: 200000 rows
2026-08-28 00:13:04,277 - [kmer_ridge] train: 300000 rows
2026-08-28 00:13:21,215 - [kmer_ridge] train: 345359 rows accumulated
2026-08-28 00:13:38,259 - [kmer_ridge] val: 46557 rows accumulated
2026-08-28 00:13:38,622 - [kmer_ridge] alpha=0.01     train_mse=4.69857 val_mse=4.71428
2026-08-28 00:13:38,754 - [kmer_ridge] alpha=0.1      train_mse=4.69857 val_mse=4.71426
2026-08-28 00:13:38,883 - [kmer_ridge] alpha=1        train_mse=4.69857 val_mse=4.71407
2026-08-28 00:13:39,034 - [kmer_ridge] alpha=10       train_mse=4.69866 val_mse=4.71241
2026-08-28 00:13:39,180 - [kmer_ridge] alpha=100      train_mse=4.70097 val_mse=4.70560
2026-08-28 00:13:39,328 - [kmer_ridge] alpha=1000     train_mse=4.70939 val_mse=4.70106
2026-08-28 00:13:39,458 - [kmer_ridge] alpha=10000    train_mse=4.71441 val_mse=4.69816
2026-08-28 00:13:39,598 - [kmer_ridge] alpha=100000   train_mse=4.72916 val_mse=4.68447
2026-08-28 00:13:39,734 - [kmer_ridge] alpha=1e+06    train_mse=4.91083 val_mse=4.79140
2026-08-28 00:13:39,734 - [kmer_ridge] selected alpha=100000 on validation MSE
2026-08-28 00:13:48,292 - [kmer_ridge] test: m_rmse=2.1360 m_pearson=0.7880 auc=0.9190
2026-08-28 00:14:02,510 - [kmer_ridge] materialised 19081 target probes
2026-08-28 00:14:41,392 - [kmer_ridge] variant counters: {'scoreable': 66495, 'probe_not_in_splits': 0, 'bad_stored_sequence_length': 0, 'stored_sequence_not_cpg_centred': 0, 'outside_model_window': 0, 'alters_target_cpg': 0, 'reference_base_mismatch': 0, 'window_not_cpg_centred': 0}
2026-08-28 00:14:42,553 - [kmer_ridge] -> results/journal/sequence_baselines/variant_scoring/heldout/kmer_ridge/seed-1/pair_scores.csv (66495 rows)
