--2026-08-27 18:10:49--  https://storage.googleapis.com/egtex/methylation/epic-arrays/mQTLs/BreastMammaryTissue.mQTLs.regular.txt.gz
Resolving storage.googleapis.com (storage.googleapis.com)... 142.251.163.207, 172.253.115.207, 172.253.63.207, ...
Connecting to storage.googleapis.com (storage.googleapis.com)|142.251.163.207|:443... connected.
HTTP request sent, awaiting response... 200 OK
Length: 45279365738 (42G) [text/plain]
Saving to: 'data/external/egtex_breast/BreastMammaryTissue.mQTLs.regular.txt.gz'

     0K ........ ........ ........ ........  0% 53.2M 13m31s
 32768K ........ ........ ........ ........  0% 95.7M 10m30s
 65536K ........ ........ ........ ........  0%  131M 8m50s
 98304K ........ ........ ........ ........  0%  100M 8m24s
131072K ........ ........ ........ ........  0% 44.5M 9m56s
163840K ........ ........ ........ ........  0%  107M 9m23s
196608K ........ ........ ........ ........  0%  154M 8m42s
229376K ........ ........ ........ ........  0% 61.1M 9m5s
262144K ........ ........ ........ ........  0%  146M 8m36s
294912K ........ ........ ........ ........  0%  101M 8m27s
327680K ........ ........ ........ ........  0% 96.5M 8m21s
360448K ........ ........ ........ ........  0%  151M 8m2s
393216K ........ ........ ........ ........  0%  156M 7m46s
425984K ........ ........ ........ ........  1%  106M 7m41s
458752K ........ ........ ........ ........  1%  109M 7m36s
491520K ........ ........ ........ ........  1%  154M 7m25s
524288K ........ ........ ........ ........  1%  144M 7m16s
557056K ........ ........ ........ ........  1%  154M 7m6s
589824K ........ ........ ........ ........  1%  149M 6m59s
622592K ........ ........ ........ ........  1%  140M 6m53s
655360K ........ ........ ........ ........  1%  112M 6m51s
688128K ........ ........ ........ ........  1%  149M 6m45s
720896K ........ ........ ........ ........  1%  108M 6m44s
753664K ........ ........ ........ ........  1%  138M 6m40s
786432K ........ ........ ........ ........  1% 96.1M 6m41s
819200K ........ ........ ........ ........  1%  156M 6m36s
851968K ........ ........ ........ ........  2% 95.5M 6m37s
884736K ........ ........ ........ ........  2%  157M 6m32s
917504K ........ ........ ........ ........  2% 75.8M 6m38s
950272K ........ ........ ........ ........  2% 97.7M 6m39s
983040K ........ ........ ........ ........  2% 96.5M 6m40s
1015808K ........ ........ ........ ........  2%  163M 6m35s
1048576K ........ ........ ........ ........  2%  131M 6m32s
1081344K ........ ........ ........ ........  2%  122M 6m31s
1114112K ........ ........ ........ ........  2% 65.6M 6m38s
1146880K ........ ........ ........ ........  2%  151M 6m34s
1179648K ........ ........ ........ ........  2%  153M 6m30s
1212416K ........ ........ ........ ........  2%  145M 6m27s
1245184K ........ ........ ........ ........  2% 79.5M 6m31s
1277952K ........ ........ ........ ........  2%  139M 6m28s
1310720K ........ ........ ........ ........  3%  120M 6m27s
1343488K ........ ........ ........ ........  3% 99.9M 6m27s
1376256K ........ ........ ........ ........  3%  145M 6m25s
1409024K ........ ........ ........ ........  3%  154M 6m22s
1441792K ........ ........ ........ ........  3%  151M 6m19s
1474560K ........ ........ ........ ........  3%  155M 6m17s
1507328K ........ ........ ........ ........  3%  119M 6m16s
1540096K ........ ........ ........ ........  3%  160M 6m13s
1572864K ........ ........ ........ ........  3%  127M 6m12s
1605632K ........ ........ ........ ........  3%  147M 6m10s
1638400K ........ ........ ........ ........  3%  109M 6m10s
1671168K ........ ........ ........ ........  3%  157M 6m7s
1703936K ........ ........ ........ ........  3% 81.2M 6m10s
1736704K ........ ........ ........ ........  4% 80.0M 6m12s
1769472K ........ ........ ........ ........  4%  131M 6m11s
1802240K ........ ........ ........ ........  4%  144M 6m9s
1835008K ........ ........ ........ ........  4% 48.3M 6m18s
1867776K ........ ........ ........ ........  4%  153M 6m15s
1900544K ........ ........ ........ ........  4%  156M 6m13s
1933312K ........ ........ ........ ........  4%  149M 6m11s
1966080K ........ ........ ........ ........  4% 84.7M 6m13s
1998848K ........ ........ ........ ........  4%  118M 6m12s
2031616K ........ ........ ........ ........  4%  150M 6m10s
2064384K ........ ........ ........ ........  4%  140M 6m9s
2097152K ........ ........ ........ ........  4% 98.5M 6m9s
2129920K ........ ........ ........ ........  4%  155M 6m8s
2162688K ........ ........ ........ ........  4%  153M 6m6s
2195456K ........ ........ ........ ........  5%  111M 6m6s
2228224K ........ ........ ........ ........  5%  150M 6m4s
2260992K ........ ........ ........ ........  5%  147M 6m2s
2293760K ........ ........ ........ ........  5%  127M 6m2s
2326528K ........ ........ ........ ........  5%  114M 6m1s
2359296K ........ ........ ........ ........  5%  105M 6m1s
2392064K ........ ........ ........ ........  5% 85.3M 6m3s
2424832K ........ ........ ........ ........  5%  102M 6m3s
2457600K ........ ........ ........ ........  5%  125M 6m2s
2490368K ........ ........ ........ ........  5% 86.9M 6m3s
2523136K ........ ........ ........ ........  5%  129M 6m2s
2555904K ........ ........ ........ ........  5% 88.2M 6m3s
2588672K ........ ........ ........ ........  5%  149M 6m2s
2621440K ........ ........ ........ ........  6% 90.0M 6m3s
2654208K ........ ........ ........ ........  6%  133M 6m2s
2686976K ........ ........ ........ ........  6%  131M 6m1s
2719744K ........ ........ ........ ........  6%  149M 5m59s
2752512K ........ ........ ........ ........  6%  156M 5m58s
2785280K ........ ........ ........ ........  6%  114M 5m58s
2818048K ........ ........ ........ ........  6%  146M 5m56s
2850816K ........ ........ ........ ........  6%  153M 5m55s
2883584K ........ ........ ........ ........  6%  150M 5m54s
2916352K ........ ........ ........ ........  6%  145M 5m53s
2949120K ........ ........ ........ ........  6%  126M 5m52s
2981888K ........ ........ ........ ........  6% 60.1M 5m55s
3014656K ........ ........ ........ ........  6%  146M 5m54s
3047424K ........ ........ ........ ........  6%  157M 5m53s
3080192K ........ ........ ........ ........  7%  151M 5m52s
3112960K ........ ........ ........ ........  7%  139M 5m51s
3145728K ........ ........ ........ ........  7%  138M 5m50s
3178496K ........ ........ ........ ........  7%  152M 5m49s
3211264K ........ ........ ........ ........  7%  152M 5m47s
3244032K ........ ........ ........ ........  7%  103M 5m48s
3276800K ........ ........ ........ ........  7%  121M 5m47s
3309568K ........ ........ ........ ........  7%  145M 5m46s
3342336K ........ ........ ........ ........  7%  109M 5m46s
3375104K ........ ........ ........ ........  7%  108M 5m46s
3407872K ........ ........ ........ ........  7%  135M 5m45s
3440640K ........ ........ ........ ........  7%  126M 5m45s
3473408K ........ ........ ........ ........  7%  128M 5m44s
3506176K ........ ........ ........ ........  8%  151M 5m43s
3538944K ........ ........ ........ ........  8% 67.1M 5m45s
3571712K ........ ........ ........ ........  8%  146M 5m44s
3604480K ........ ........ ........ ........  8%  107M 5m44s
3637248K ........ ........ ........ ........  8%  153M 5m43s
3670016K ........ ........ ........ ........  8%  138M 5m42s
3702784K ........ ........ ........ ........  8%  145M 5m41s
3735552K ........ ........ ........ ........  8%  151M 5m40s
3768320K ........ ........ ........ ........  8%  107M 5m40s
3801088K ........ ........ ........ ........  8%  116M 5m40s
3833856K ........ ........ ........ ........  8%  107M 5m40s
3866624K ........ ........ ........ ........  8%  124M 5m40s
3899392K ........ ........ ........ ........  8%  151M 5m39s
3932160K ........ ........ ........ ........  8%  146M 5m38s
3964928K ........ ........ ........ ........  9%  121M 5m37s
3997696K ........ ........ ........ ........  9% 85.4M 5m38s
4030464K ........ ........ ........ ........  9%  155M 5m37s
4063232K ........ ........ ........ ........  9%  123M 5m37s
4096000K ........ ........ ........ ........  9%  102M 5m37s
4128768K ........ ........ ........ ........  9% 78.0M 5m38s
4161536K ........ ........ ........ ........  9%  150M 5m37s
4194304K ........ ........ ........ ........  9%  121M 5m37s
4227072K ........ ........ ........ ........  9%  150M 5m36s
4259840K ........ ........ ........ ........  9%  110M 5m36s
4292608K ........ ........ ........ ........  9% 83.6M 5m36s
4325376K ........ ........ ........ ........  9%  155M 5m35s
4358144K ........ ........ ........ ........  9%  109M 5m35s
4390912K ........ ........ ........ ........ 10%  150M 5m35s
4423680K ........ ........ ........ ........ 10%  146M 5m34s
4456448K ........ ........ ........ ........ 10%  123M 5m33s
4489216K ........ ........ ........ ........ 10%  129M 5m33s
4521984K ........ ........ ........ ........ 10%  128M 5m32s
4554752K ........ ........ ........ ........ 10%  153M 5m32s
4587520K ........ ........ ........ ........ 10%  118M 5m31s
4620288K ........ ........ ........ ........ 10%  141M 5m31s
4653056K ........ ........ ........ ........ 10%  152M 5m30s
4685824K ........ ........ ........ ........ 10%  139M 5m29s
4718592K ........ ........ ........ ........ 10%  143M 5m28s
4751360K ........ ........ ........ ........ 10%  137M 5m28s
4784128K ........ ........ ........ ........ 10%  112M 5m28s
4816896K ........ ........ ........ ........ 10%  150M 5m27s
4849664K ........ ........ ........ ........ 11%  113M 5m27s
4882432K ........ ........ ........ ........ 11% 86.7M 5m27s
4915200K ........ ........ ........ ........ 11%  154M 5m26s
4947968K ........ ........ ........ ........ 11%  150M 5m26s
4980736K ........ ........ ........ ........ 11%  155M 5m25s
5013504K ........ ........ ........ ........ 11%  115M 5m25s
5046272K ........ ........ ........ ........ 11%  152M 5m24s
5079040K ........ ........ ........ ........ 11%  114M 5m24s
5111808K ........ ........ ........ ........ 11%  147M 5m23s
5144576K ........ ........ ........ ........ 11%  123M 5m23s
5177344K ........ ........ ........ ........ 11% 93.7M 5m23s
5210112K ........ ........ ........ ........ 11%  148M 5m22s
5242880K ........ ........ ........ ........ 11%  112M 5m22s
5275648K ........ ........ ........ ........ 12%  151M 5m21s
5308416K ........ ........ ........ ........ 12%  136M 5m21s
5341184K ........ ........ ........ ........ 12%  118M 5m21s
5373952K ........ ........ ........ ........ 12%  153M 5m20s
5406720K ........ ........ ........ ........ 12% 72.4M 5m21s
5439488K ........ ........ ........ ........ 12% 95.3M 5m21s
5472256K ........ ........ ........ ........ 12%  148M 5m20s
5505024K ........ ........ ........ ........ 12% 89.5M 5m21s
5537792K ........ ........ ........ ........ 12%  115M 5m21s
5570560K ........ ........ ........ ........ 12%  136M 5m20s
5603328K ........ ........ ........ ........ 12% 83.8M 5m21s
5636096K ........ ........ ........ ........ 12%  149M 5m20s
5668864K ........ ........ ........ ........ 12%  152M 5m19s
5701632K ........ ........ ........ ........ 12%  134M 5m19s
5734400K ........ ........ ........ ........ 13%  148M 5m18s
5767168K ........ ........ ........ ........ 13%  120M 5m18s
5799936K ........ ........ ........ ........ 13% 91.1M 5m18s
5832704K ........ ........ ........ ........ 13%  148M 5m17s
5865472K ........ ........ ........ ........ 13%  152M 5m17s
5898240K ........ ........ ........ ........ 13% 61.3M 5m18s
5931008K ........ ........ ........ ........ 13%  103M 5m18s
5963776K ........ ........ ........ ........ 13%  150M 5m17s
5996544K ........ ........ ........ ........ 13%  137M 5m17s
6029312K ........ ........ ........ ........ 13%  146M 5m16s
6062080K ........ ........ ........ ........ 13%  150M 5m16s
6094848K ........ ........ ........ ........ 13%  140M 5m15s
6127616K ........ ........ ........ ........ 13%  146M 5m15s
6160384K ........ ........ ........ ........ 14%  148M 5m14s
6193152K ........ ........ ........ ........ 14%  138M 5m13s
6225920K ........ ........ ........ ........ 14%  122M 5m13s
6258688K ........ ........ ........ ........ 14%  119M 5m13s
6291456K ........ ........ ........ ........ 14% 94.1M 5m13s
6324224K ........ ........ ........ ........ 14%  129M 5m13s
6356992K ........ ........ ........ ........ 14%  141M 5m12s
6389760K ........ ........ ........ ........ 14%  141M 5m11s
6422528K ........ ........ ........ ........ 14% 71.9M 5m12s
6455296K ........ ........ ........ ........ 14%  147M 5m12s
6488064K ........ ........ ........ ........ 14%  151M 5m11s
6520832K ........ ........ ........ ........ 14% 95.9M 5m11s
6553600K ........ ........ ........ ........ 14%  110M 5m11s
6586368K ........ ........ ........ ........ 14%  139M 5m10s
6619136K ........ ........ ........ ........ 15% 89.9M 5m11s
6651904K ........ ........ ........ ........ 15%  146M 5m10s
6684672K ........ ........ ........ ........ 15%  152M 5m10s
6717440K ........ ........ ........ ........ 15% 92.0M 5m10s
6750208K ........ ........ ........ ........ 15%  111M 5m9s
6782976K ........ ........ ........ ........ 15%  150M 5m9s
6815744K ........ ........ ........ ........ 15%  101M 5m9s
6848512K ........ ........ ........ ........ 15% 86.6M 5m9s
6881280K ........ ........ ........ ........ 15%  100M 5m9s
6914048K ........ ........ ........ ........ 15%  147M 5m9s
6946816K ........ ........ ........ ........ 15%  130M 5m8s
6979584K ........ ........ ........ ........ 15%  132M 5m8s
7012352K ........ ........ ........ ........ 15% 95.1M 5m8s
7045120K ........ ........ ........ ........ 16%  153M 5m7s
7077888K ........ ........ ........ ........ 16% 95.5M 5m7s
7110656K ........ ........ ........ ........ 16%  141M 5m7s
7143424K ........ ........ ........ ........ 16% 99.7M 5m7s
7176192K ........ ........ ........ ........ 16% 64.7M 5m8s
7208960K ........ ........ ........ ........ 16%  135M 5m7s
7241728K ........ ........ ........ ........ 16%  145M 5m7s
7274496K ........ ........ ........ ........ 16%  144M 5m6s
7307264K ........ ........ ........ ........ 16% 78.1M 5m7s
7340032K ........ ........ ........ ........ 16%  122M 5m6s
7372800K ........ ........ ........ ........ 16%  130M 5m6s
7405568K ........ ........ ........ ........ 16% 98.8M 5m6s
7438336K ........ ........ ........ ........ 16% 63.6M 5m7s
7471104K ........ ........ ........ ........ 16%  147M 5m6s
7503872K ........ ........ ........ ........ 17% 87.3M 5m6s
7536640K ........ ........ ........ ........ 17%  147M 5m6s
7569408K ........ ........ ........ ........ 17%  151M 5m5s
7602176K ........ ........ ........ ........ 17%  152M 5m5s
7634944K ........ ........ ........ ........ 17% 88.2M 5m5s
7667712K ........ ........ ........ ........ 17%  153M 5m4s
7700480K ........ ........ ........ ........ 17%  131M 5m4s
7733248K ........ ........ ........ ........ 17%  149M 5m3s
7766016K ........ ........ ........ ........ 17% 91.5M 5m3s
7798784K ........ ........ ........ ........ 17% 96.7M 5m3s
7831552K ........ ........ ........ ........ 17% 84.0M 5m4s
7864320K ........ ........ ........ ........ 17%  151M 5m3s
7897088K ........ ........ ........ ........ 17%  148M 5m2s
7929856K ........ ........ ........ ........ 18%  153M 5m2s
7962624K ........ ........ ........ ........ 18%  131M 5m2s
7995392K ........ ........ ........ ........ 18%  102M 5m1s
8028160K ........ ........ ........ ........ 18%  153M 5m1s
8060928K ........ ........ ........ ........ 18%  155M 5m0s
8093696K ........ ........ ........ ........ 18%  142M 5m0s
8126464K ........ ........ ........ ........ 18% 98.1M 5m0s
8159232K ........ ........ ........ ........ 18%  153M 4m59s
8192000K ........ ........ ........ ........ 18%  149M 4m59s
8224768K ........ ........ ........ ........ 18%  117M 4m58s
8257536K ........ ........ ........ ........ 18%  147M 4m58s
8290304K ........ ........ ........ ........ 18%  123M 4m58s
8323072K ........ ........ ........ ........ 18%  152M 4m57s
8355840K ........ ........ ........ ........ 18%  101M 4m57s
8388608K ........ ........ ........ ........ 19% 88.5M 4m57s
8421376K ........ ........ ........ ........ 19% 92.7M 4m57s
8454144K ........ ........ ........ ........ 19%  103M 4m57s
8486912K ........ ........ ........ ........ 19%  115M 4m57s
8519680K ........ ........ ........ ........ 19%  153M 4m56s
8552448K ........ ........ ........ ........ 19% 83.0M 4m56s
8585216K ........ ........ ........ ........ 19% 65.5M 4m57s
8617984K ........ ........ ........ ........ 19%  146M 4m57s
8650752K ........ ........ ........ ........ 19% 97.4M 4m57s
8683520K ........ ........ ........ ........ 19%  141M 4m56s
8716288K ........ ........ ........ ........ 19%  132M 4m56s
8749056K ........ ........ ........ ........ 19%  152M 4m55s
8781824K ........ ........ ........ ........ 19%  153M 4m55s
8814592K ........ ........ ........ ........ 20% 57.0M 4m55s
8847360K ........ ........ ........ ........ 20%  141M 4m55s
8880128K ........ ........ ........ ........ 20%  143M 4m55s
8912896K ........ ........ ........ ........ 20%  134M 4m54s
8945664K ........ ........ ........ ........ 20%  148M 4m54s
8978432K ........ ........ ........ ........ 20%  105M 4m53s
9011200K ........ ........ ........ ........ 20% 77.0M 4m54s
9043968K ........ ........ ........ ........ 20%  121M 4m53s
9076736K ........ ........ ........ ........ 20%  138M 4m53s
9109504K ........ ........ ........ ........ 20%  138M 4m53s
9142272K ........ ........ ........ ........ 20%  141M 4m52s
9175040K ........ ........ ........ ........ 20%  102M 4m52s
9207808K ........ ........ ........ ........ 20%  143M 4m52s
9240576K ........ ........ ........ ........ 20% 94.0M 4m52s
9273344K ........ ........ ........ ........ 21%  123M 4m51s
9306112K ........ ........ ........ ........ 21%  124M 4m51s
9338880K ........ ........ ........ ........ 21%  133M 4m50s
9371648K ........ ........ ........ ........ 21%  136M 4m50s
9404416K ........ ........ ........ ........ 21%  125M 4m50s
9437184K ........ ........ ........ ........ 21%  147M 4m49s
9469952K ........ ........ ........ ........ 21%  107M 4m49s
9502720K ........ ........ ........ ........ 21%  146M 4m49s
9535488K ........ ........ ........ ........ 21% 96.9M 4m49s
9568256K ........ ........ ........ ........ 21%  148M 4m48s
9601024K ........ ........ ........ ........ 21% 86.0M 4m48s
9633792K ........ ........ ........ ........ 21%  153M 4m48s
9666560K ........ ........ ........ ........ 21% 97.2M 4m48s
9699328K ........ ........ ........ ........ 22% 99.9M 4m47s
9732096K ........ ........ ........ ........ 22%  143M 4m47s
9764864K ........ ........ ........ ........ 22% 72.7M 4m47s
9797632K ........ ........ ........ ........ 22%  149M 4m47s
9830400K ........ ........ ........ ........ 22%  150M 4m46s
9863168K ........ ........ ........ ........ 22%  147M 4m46s
9895936K ........ ........ ........ ........ 22% 68.4M 4m46s
9928704K ........ ........ ........ ........ 22% 96.5M 4m46s
9961472K ........ ........ ........ ........ 22%  141M 4m46s
9994240K ........ ........ ........ ........ 22%  149M 4m45s
10027008K ........ ........ ........ ........ 22%  155M 4m45s
10059776K ........ ........ ........ ........ 22%  120M 4m45s
10092544K ........ ........ ........ ........ 22%  135M 4m44s
10125312K ........ ........ ........ ........ 22%  115M 4m44s
10158080K ........ ........ ........ ........ 23%  153M 4m43s
10190848K ........ ........ ........ ........ 23%  150M 4m43s
10223616K ........ ........ ........ ........ 23%  145M 4m43s
10256384K ........ ........ ........ ........ 23%  117M 4m42s
10289152K ........ ........ ........ ........ 23%  148M 4m42s
10321920K ........ ........ ........ ........ 23%  115M 4m42s
10354688K ........ ........ ........ ........ 23%  148M 4m41s
10387456K ........ ........ ........ ........ 23%  106M 4m41s
10420224K ........ ........ ........ ........ 23%  149M 4m40s
10452992K ........ ........ ........ ........ 23% 55.6M 4m41s
10485760K ........ ........ ........ ........ 23% 79.6M 4m41s
10518528K ........ ........ ........ ........ 23%  153M 4m41s
10551296K ........ ........ ........ ........ 23%  149M 4m40s
10584064K ........ ........ ........ ........ 24%  116M 4m40s
10616832K ........ ........ ........ ........ 24%  135M 4m40s
10649600K ........ ........ ........ ........ 24%  153M 4m39s
10682368K ........ ........ ........ ........ 24%  152M 4m39s
10715136K ........ ........ ........ ........ 24%  143M 4m38s
10747904K ........ ........ ........ ........ 24%  140M 4m38s
10780672K ........ ........ ........ ........ 24%  137M 4m38s
10813440K ........ ........ ........ ........ 24%  113M 4m37s
10846208K ........ ........ ........ ........ 24% 99.1M 4m37s
10878976K ........ ........ ........ ........ 24%  144M 4m37s
10911744K ........ ........ ........ ........ 24% 91.9M 4m37s
10944512K ........ ........ ........ ........ 24%  145M 4m36s
10977280K ........ ........ ........ ........ 24% 89.4M 4m36s
11010048K ........ ........ ........ ........ 24%  107M 4m36s
11042816K ........ ........ ........ ........ 25%  111M 4m36s
11075584K ........ ........ ........ ........ 25%  151M 4m35s
11108352K ........ ........ ........ ........ 25%  154M 4m35s
11141120K ........ ........ ........ ........ 25%  132M 4m35s
11173888K ........ ........ ........ ........ 25%  146M 4m34s
11206656K ........ ........ ........ ........ 25%  148M 4m34s
11239424K ........ ........ ........ ........ 25%  106M 4m34s
11272192K ........ ........ ........ ........ 25%  148M 4m33s
11304960K ........ ........ ........ ........ 25%  131M 4m33s
11337728K ........ ........ ........ ........ 25%  150M 4m32s
11370496K ........ ........ ........ ........ 25%  144M 4m32s
11403264K ........ ........ ........ ........ 25%  153M 4m31s
11436032K ........ ........ ........ ........ 25%  121M 4m31s
11468800K ........ ........ ........ ........ 26%  156M 4m31s
11501568K ........ ........ ........ ........ 26% 88.8M 4m31s
11534336K ........ ........ ........ ........ 26%  154M 4m30s
11567104K ........ ........ ........ ........ 26%  149M 4m30s
11599872K ........ ........ ........ ........ 26%  117M 4m30s
11632640K ........ ........ ........ ........ 26%  132M 4m29s
11665408K ........ ........ ........ ........ 26%  107M 4m29s
11698176K ........ ........ ........ ........ 26%  108M 4m29s
11730944K ........ ........ ........ ........ 26%  144M 4m28s
11763712K ........ ........ ........ ........ 26%  154M 4m28s
11796480K ........ ........ ........ ........ 26%  100M 4m28s
11829248K ........ ........ ........ ........ 26%  136M 4m27s
11862016K ........ ........ ........ ........ 26%  145M 4m27s
11894784K ........ ........ ........ ........ 26% 79.6M 4m27s
11927552K ........ ........ ........ ........ 27%  149M 4m27s
11960320K ........ ........ ........ ........ 27%  155M 4m26s
11993088K ........ ........ ........ ........ 27% 94.5M 4m26s
12025856K ........ ........ ........ ........ 27% 98.5M 4m26s
12058624K ........ ........ ........ ........ 27%  148M 4m26s
12091392K ........ ........ ........ ........ 27%  144M 4m25s
12124160K ........ ........ ........ ........ 27%  148M 4m25s
12156928K ........ ........ ........ ........ 27%  109M 4m25s
12189696K ........ ........ ........ ........ 27%  114M 4m24s
12222464K ........ ........ ........ ........ 27% 84.5M 4m24s
12255232K ........ ........ ........ ........ 27%  107M 4m24s
12288000K ........ ........ ........ ........ 27%  154M 4m24s
12320768K ........ ........ ........ ........ 27%  148M 4m23s
12353536K ........ ........ ........ ........ 28%  153M 4m23s
12386304K ........ ........ ........ ........ 28%  114M 4m23s
12419072K ........ ........ ........ ........ 28% 87.0M 4m23s
12451840K ........ ........ ........ ........ 28%  117M 4m22s
12484608K ........ ........ ........ ........ 28% 98.1M 4m22s
12517376K ........ ........ ........ ........ 28%  149M 4m22s
12550144K ........ ........ ........ ........ 28%  148M 4m21s
12582912K ........ ........ ........ ........ 28% 84.6M 4m21s
12615680K ........ ........ ........ ........ 28%  107M 4m21s
12648448K ........ ........ ........ ........ 28%  151M 4m21s
12681216K ........ ........ ........ ........ 28%  107M 4m21s
12713984K ........ ........ ........ ........ 28%  109M 4m20s
12746752K ........ ........ ........ ........ 28%  103M 4m20s
12779520K ........ ........ ........ ........ 28% 86.9M 4m20s
12812288K ........ ........ ........ ........ 29%  157M 4m20s
12845056K ........ ........ ........ ........ 29% 74.8M 4m20s
12877824K ........ ........ ........ ........ 29%  153M 4m19s
12910592K ........ ........ ........ ........ 29% 92.1M 4m19s
12943360K ........ ........ ........ ........ 29%  157M 4m19s
12976128K ........ ........ ........ ........ 29%  156M 4m18s
13008896K ........ ........ ........ ........ 29%  116M 4m18s
13041664K ........ ........ ........ ........ 29%  123M 4m18s
13074432K ........ ........ ........ ........ 29%  102M 4m18s
13107200K ........ ........ ........ ........ 29%  142M 4m17s
13139968K ........ ........ ........ ........ 29%  145M 4m17s
13172736K ........ ........ ........ ........ 29%  152M 4m16s
13205504K ........ ........ ........ ........ 29%  110M 4m16s
13238272K ........ ........ ........ ........ 30%  148M 4m16s
13271040K ........ ........ ........ ........ 30% 94.7M 4m16s
13303808K ........ ........ ........ ........ 30% 91.4M 4m16s
13336576K ........ ........ ........ ........ 30%  101M 4m15s
13369344K ........ ........ ........ ........ 30%  153M 4m15s
13402112K ........ ........ ........ ........ 30%  137M 4m15s
13434880K ........ ........ ........ ........ 30%  143M 4m14s
13467648K ........ ........ ........ ........ 30%  150M 4m14s
13500416K ........ ........ ........ ........ 30%  118M 4m14s
13533184K ........ ........ ........ ........ 30% 82.4M 4m14s
13565952K ........ ........ ........ ........ 30% 82.2M 4m14s
13598720K ........ ........ ........ ........ 30%  153M 4m13s
13631488K ........ ........ ........ ........ 30%  103M 4m13s
13664256K ........ ........ ........ ........ 30%  153M 4m13s
13697024K ........ ........ ........ ........ 31%  125M 4m12s
13729792K ........ ........ ........ ........ 31%  161M 4m12s
13762560K ........ ........ ........ ........ 31% 91.7M 4m12s
13795328K ........ ........ ........ ........ 31%  154M 4m11s
13828096K ........ ........ ........ ........ 31%  119M 4m11s
13860864K ........ ........ ........ ........ 31%  154M 4m11s
13893632K ........ ........ ........ ........ 31%  102M 4m11s
13926400K ........ ........ ........ ........ 31%  144M 4m10s
13959168K ........ ........ ........ ........ 31%  144M 4m10s
13991936K ........ ........ ........ ........ 31% 82.1M 4m10s
14024704K ........ ........ ........ ........ 31%  133M 4m9s
14057472K ........ ........ ........ ........ 31% 89.6M 4m9s
14090240K ........ ........ ........ ........ 31% 95.0M 4m9s
14123008K ........ ........ ........ ........ 32% 91.4M 4m9s
14155776K ........ ........ ........ ........ 32%  101M 4m9s
14188544K ........ ........ ........ ........ 32%  150M 4m9s
14221312K ........ ........ ........ ........ 32% 36.6M 4m10s
14254080K ........ ........ ........ ........ 32%  114M 4m9s
14286848K ........ ........ ........ ........ 32% 81.2M 4m9s
14319616K ........ ........ ........ ........ 32% 51.1M 4m10s
14352384K ........ ........ ........ ........ 32% 83.1M 4m10s
14385152K ........ ........ ........ ........ 32%  153M 4m9s
14417920K ........ ........ ........ ........ 32%  149M 4m9s
14450688K ........ ........ ........ ........ 32% 73.5M 4m9s
14483456K ........ ........ ........ ........ 32%  135M 4m9s
14516224K ........ ........ ........ ........ 32% 93.3M 4m8s
14548992K ........ ........ ........ ........ 32%  147M 4m8s
14581760K ........ ........ ........ ........ 33%  151M 4m8s
14614528K ........ ........ ........ ........ 33% 72.7M 4m8s
14647296K ........ ........ ........ ........ 33% 99.7M 4m8s
14680064K ........ ........ ........ ........ 33%  132M 4m7s
14712832K ........ ........ ........ ........ 33%  154M 4m7s
14745600K ........ ........ ........ ........ 33%  107M 4m7s
14778368K ........ ........ ........ ........ 33%  136M 4m6s
14811136K ........ ........ ........ ........ 33%  104M 4m6s
14843904K ........ ........ ........ ........ 33%  117M 4m6s
14876672K ........ ........ ........ ........ 33%  145M 4m5s
14909440K ........ ........ ........ ........ 33%  146M 4m5s
14942208K ........ ........ ........ ........ 33%  102M 4m5s
14974976K ........ ........ ........ ........ 33% 93.9M 4m5s
15007744K ........ ........ ........ ........ 34%  144M 4m4s
15040512K ........ ........ ........ ........ 34%  101M 4m4s
15073280K ........ ........ ........ ........ 34%  155M 4m4s
15106048K ........ ........ ........ ........ 34%  143M 4m3s
15138816K ........ ........ ........ ........ 34%  139M 4m3s
15171584K ........ ........ ........ ........ 34%  146M 4m3s
15204352K ........ ........ ........ ........ 34%  117M 4m2s
15237120K ........ ........ ........ ........ 34%  113M 4m2s
15269888K ........ ........ ........ ........ 34% 96.8M 4m2s
15302656K ........ ........ ........ ........ 34%  109M 4m2s
15335424K ........ ........ ........ ........ 34%  125M 4m1s
15368192K ........ ........ ........ ........ 34%  150M 4m1s
15400960K ........ ........ ........ ........ 34% 95.1M 4m1s
15433728K ........ ........ ........ ........ 34% 98.2M 4m1s
15466496K ........ ........ ........ ........ 35% 88.0M 4m0s
15499264K ........ ........ ........ ........ 35%  144M 4m0s
15532032K ........ ........ ........ ........ 35%  137M 4m0s
15564800K ........ ........ ........ ........ 35% 80.9M 4m0s
15597568K ........ ........ ........ ........ 35%  147M 3m59s
15630336K ........ ........ ........ ........ 35%  149M 3m59s
15663104K ........ ........ ........ ........ 35%  138M 3m59s
15695872K ........ ........ ........ ........ 35%  146M 3m58s
15728640K ........ ........ ........ ........ 35%  151M 3m58s
15761408K ........ ........ ........ ........ 35% 67.3M 3m58s
15794176K ........ ........ ........ ........ 35%  148M 3m58s
15826944K ........ ........ ........ ........ 35%  146M 3m57s
15859712K ........ ........ ........ ........ 35%  142M 3m57s
15892480K ........ ........ ........ ........ 36%  152M 3m56s
15925248K ........ ........ ........ ........ 36%  136M 3m56s
15958016K ........ ........ ........ ........ 36%  155M 3m56s
15990784K ........ ........ ........ ........ 36%  150M 3m55s
16023552K ........ ........ ........ ........ 36% 95.1M 3m55s
16056320K ........ ........ ........ ........ 36%  152M 3m55s
16089088K ........ ........ ........ ........ 36%  105M 3m55s
16121856K ........ ........ ........ ........ 36%  133M 3m54s
16154624K ........ ........ ........ ........ 36%  148M 3m54s
16187392K ........ ........ ........ ........ 36% 68.8M 3m54s
16220160K ........ ........ ........ ........ 36%  150M 3m54s
16252928K ........ ........ ........ ........ 36% 95.8M 3m53s
16285696K ........ ........ ........ ........ 36%  116M 3m53s
16318464K ........ ........ ........ ........ 36%  131M 3m53s
16351232K ........ ........ ........ ........ 37%  148M 3m52s
16384000K ........ ........ ........ ........ 37% 87.0M 3m52s
16416768K ........ ........ ........ ........ 37%  147M 3m52s
16449536K ........ ........ ........ ........ 37%  152M 3m52s
16482304K ........ ........ ........ ........ 37%  109M 3m51s
16515072K ........ ........ ........ ........ 37%  139M 3m51s
16547840K ........ ........ ........ ........ 37%  115M 3m51s
16580608K ........ ........ ........ ........ 37% 91.6M 3m51s
16613376K ........ ........ ........ ........ 37%  113M 3m50s
16646144K ........ ........ ........ ........ 37%  137M 3m50s
16678912K ........ ........ ........ ........ 37%  157M 3m50s
16711680K ........ ........ ........ ........ 37%  145M 3m49s
16744448K ........ ........ ........ ........ 37% 70.0M 3m49s
16777216K ........ ........ ........ ........ 38%  123M 3m49s
16809984K ........ ........ ........ ........ 38%  125M 3m49s
16842752K ........ ........ ........ ........ 38%  151M 3m48s
16875520K ........ ........ ........ ........ 38%  147M 3m48s
16908288K ........ ........ ........ ........ 38%  147M 3m48s
16941056K ........ ........ ........ ........ 38%  145M 3m47s
16973824K ........ ........ ........ ........ 38%  112M 3m47s
17006592K ........ ........ ........ ........ 38%  102M 3m47s
17039360K ........ ........ ........ ........ 38%  146M 3m46s
17072128K ........ ........ ........ ........ 38%  130M 3m46s
17104896K ........ ........ ........ ........ 38% 93.6M 3m46s
17137664K ........ ........ ........ ........ 38%  148M 3m45s
17170432K ........ ........ ........ ........ 38%  151M 3m45s
17203200K ........ ........ ........ ........ 38%  148M 3m45s
17235968K ........ ........ ........ ........ 39%  142M 3m44s
17268736K ........ ........ ........ ........ 39%  146M 3m44s
17301504K ........ ........ ........ ........ 39% 95.7M 3m44s
17334272K ........ ........ ........ ........ 39% 90.5M 3m44s
17367040K ........ ........ ........ ........ 39% 83.3M 3m44s
17399808K ........ ........ ........ ........ 39%  130M 3m43s
17432576K ........ ........ ........ ........ 39%  132M 3m43s
17465344K ........ ........ ........ ........ 39%  128M 3m43s
17498112K ........ ........ ........ ........ 39%  150M 3m42s
17530880K ........ ........ ........ ........ 39%  156M 3m42s
17563648K ........ ........ ........ ........ 39%  148M 3m42s
17596416K ........ ........ ........ ........ 39%  127M 3m41s
17629184K ........ ........ ........ ........ 39%  112M 3m41s
17661952K ........ ........ ........ ........ 40%  142M 3m41s
17694720K ........ ........ ........ ........ 40%  104M 3m40s
17727488K ........ ........ ........ ........ 40%  136M 3m40s
17760256K ........ ........ ........ ........ 40%  151M 3m40s
17793024K ........ ........ ........ ........ 40%  107M 3m40s
17825792K ........ ........ ........ ........ 40%  138M 3m39s
17858560K ........ ........ ........ ........ 40%  146M 3m39s
17891328K ........ ........ ........ ........ 40%  124M 3m39s
17924096K ........ ........ ........ ........ 40%  118M 3m38s
17956864K ........ ........ ........ ........ 40%  139M 3m38s
17989632K ........ ........ ........ ........ 40%  141M 3m38s
18022400K ........ ........ ........ ........ 40%  109M 3m37s
18055168K ........ ........ ........ ........ 40%  144M 3m37s
18087936K ........ ........ ........ ........ 40%  122M 3m37s
18120704K ........ ........ ........ ........ 41% 88.5M 3m37s
18153472K ........ ........ ........ ........ 41%  137M 3m36s
18186240K ........ ........ ........ ........ 41%  113M 3m36s
18219008K ........ ........ ........ ........ 41%  116M 3m36s
18251776K ........ ........ ........ ........ 41%  156M 3m35s
18284544K ........ ........ ........ ........ 41%  138M 3m35s
18317312K ........ ........ ........ ........ 41%  143M 3m35s
18350080K ........ ........ ........ ........ 41% 98.8M 3m35s
18382848K ........ ........ ........ ........ 41%  151M 3m34s
18415616K ........ ........ ........ ........ 41%  155M 3m34s
18448384K ........ ........ ........ ........ 41%  149M 3m33s
18481152K ........ ........ ........ ........ 41%  113M 3m33s
18513920K ........ ........ ........ ........ 41%  147M 3m33s
18546688K ........ ........ ........ ........ 42%  100M 3m33s
18579456K ........ ........ ........ ........ 42%  112M 3m32s
18612224K ........ ........ ........ ........ 42%  114M 3m32s
18644992K ........ ........ ........ ........ 42%  150M 3m32s
18677760K ........ ........ ........ ........ 42%  129M 3m31s
18710528K ........ ........ ........ ........ 42% 88.4M 3m31s
18743296K ........ ........ ........ ........ 42%  148M 3m31s
18776064K ........ ........ ........ ........ 42% 73.1M 3m31s
18808832K ........ ........ ........ ........ 42%  147M 3m31s
18841600K ........ ........ ........ ........ 42% 89.1M 3m30s
18874368K ........ ........ ........ ........ 42% 97.0M 3m30s
18907136K ........ ........ ........ ........ 42% 88.4M 3m30s
18939904K ........ ........ ........ ........ 42%  141M 3m30s
18972672K ........ ........ ........ ........ 42%  129M 3m29s
19005440K ........ ........ ........ ........ 43% 94.0M 3m29s
19038208K ........ ........ ........ ........ 43%  107M 3m29s
19070976K ........ ........ ........ ........ 43%  130M 3m29s
19103744K ........ ........ ........ ........ 43%  152M 3m28s
19136512K ........ ........ ........ ........ 43%  137M 3m28s
19169280K ........ ........ ........ ........ 43%  101M 3m28s
19202048K ........ ........ ........ ........ 43%  130M 3m28s
19234816K ........ ........ ........ ........ 43%  106M 3m27s
19267584K ........ ........ ........ ........ 43%  127M 3m27s
19300352K ........ ........ ........ ........ 43%  149M 3m27s
19333120K ........ ........ ........ ........ 43% 69.5M 3m27s
19365888K ........ ........ ........ ........ 43% 94.4M 3m26s
19398656K ........ ........ ........ ........ 43% 98.5M 3m26s
19431424K ........ ........ ........ ........ 44%  141M 3m26s
19464192K ........ ........ ........ ........ 44%  106M 3m26s
19496960K ........ ........ ........ ........ 44%  126M 3m25s
19529728K ........ ........ ........ ........ 44%  151M 3m25s
19562496K ........ ........ ........ ........ 44% 98.7M 3m25s
19595264K ........ ........ ........ ........ 44% 82.4M 3m25s
19628032K ........ ........ ........ ........ 44%  142M 3m24s
19660800K ........ ........ ........ ........ 44% 73.6M 3m24s
19693568K ........ ........ ........ ........ 44%  147M 3m24s
19726336K ........ ........ ........ ........ 44%  149M 3m24s
19759104K ........ ........ ........ ........ 44% 86.5M 3m23s
19791872K ........ ........ ........ ........ 44%  151M 3m23s
19824640K ........ ........ ........ ........ 44%  152M 3m23s
19857408K ........ ........ ........ ........ 44%  150M 3m22s
19890176K ........ ........ ........ ........ 45% 99.8M 3m22s
19922944K ........ ........ ........ ........ 45%  144M 3m22s
19955712K ........ ........ ........ ........ 45%  138M 3m22s
19988480K ........ ........ ........ ........ 45%  146M 3m21s
20021248K ........ ........ ........ ........ 45%  114M 3m21s
20054016K ........ ........ ........ ........ 45% 94.6M 3m21s
20086784K ........ ........ ........ ........ 45% 90.3M 3m21s
20119552K ........ ........ ........ ........ 45% 65.6M 3m21s
20152320K ........ ........ ........ ........ 45%  145M 3m20s
20185088K ........ ........ ........ ........ 45%  113M 3m20s
20217856K ........ ........ ........ ........ 45%  149M 3m20s
20250624K ........ ........ ........ ........ 45%  152M 3m19s
20283392K ........ ........ ........ ........ 45%  154M 3m19s
20316160K ........ ........ ........ ........ 46%  136M 3m19s
20348928K ........ ........ ........ ........ 46%  126M 3m18s
20381696K ........ ........ ........ ........ 46%  123M 3m18s
20414464K ........ ........ ........ ........ 46%  153M 3m18s
20447232K ........ ........ ........ ........ 46%  140M 3m17s
20480000K ........ ........ ........ ........ 46%  153M 3m17s
20512768K ........ ........ ........ ........ 46%  126M 3m17s
20545536K ........ ........ ........ ........ 46%  144M 3m16s
20578304K ........ ........ ........ ........ 46%  134M 3m16s
20611072K ........ ........ ........ ........ 46%  153M 3m16s
20643840K ........ ........ ........ ........ 46%  149M 3m15s
20676608K ........ ........ ........ ........ 46%  138M 3m15s
20709376K ........ ........ ........ ........ 46%  147M 3m15s
20742144K ........ ........ ........ ........ 46%  111M 3m14s
20774912K ........ ........ ........ ........ 47% 79.2M 3m14s
20807680K ........ ........ ........ ........ 47%  151M 3m14s
20840448K ........ ........ ........ ........ 47%  150M 3m14s
20873216K ........ ........ ........ ........ 47%  152M 3m13s
20905984K ........ ........ ........ ........ 47%  154M 3m13s
20938752K ........ ........ ........ ........ 47%  148M 3m13s
20971520K ........ ........ ........ ........ 47%  111M 3m12s
21004288K ........ ........ ........ ........ 47%  137M 3m12s
21037056K ........ ........ ........ ........ 47%  134M 3m12s
21069824K ........ ........ ........ ........ 47% 94.1M 3m12s
21102592K ........ ........ ........ ........ 47%  131M 3m11s
21135360K ........ ........ ........ ........ 47%  148M 3m11s
21168128K ........ ........ ........ ........ 47%  136M 3m11s
21200896K ........ ........ ........ ........ 48%  146M 3m10s
21233664K ........ ........ ........ ........ 48%  152M 3m10s
21266432K ........ ........ ........ ........ 48%  151M 3m10s
21299200K ........ ........ ........ ........ 48%  151M 3m9s
21331968K ........ ........ ........ ........ 48%  115M 3m9s
21364736K ........ ........ ........ ........ 48%  148M 3m9s
21397504K ........ ........ ........ ........ 48%  120M 3m8s
21430272K ........ ........ ........ ........ 48%  152M 3m8s
21463040K ........ ........ ........ ........ 48%  150M 3m8s
21495808K ........ ........ ........ ........ 48%  155M 3m7s
21528576K ........ ........ ........ ........ 48%  115M 3m7s
21561344K ........ ........ ........ ........ 48%  141M 3m7s
21594112K ........ ........ ........ ........ 48%  151M 3m7s
21626880K ........ ........ ........ ........ 48%  140M 3m6s
21659648K ........ ........ ........ ........ 49% 42.2M 3m6s
21692416K ........ ........ ........ ........ 49%  142M 3m6s
21725184K ........ ........ ........ ........ 49%  111M 3m6s
21757952K ........ ........ ........ ........ 49%  142M 3m6s
21790720K ........ ........ ........ ........ 49%  151M 3m5s
21823488K ........ ........ ........ ........ 49%  149M 3m5s
21856256K ........ ........ ........ ........ 49%  121M 3m5s
21889024K ........ ........ ........ ........ 49%  128M 3m4s
21921792K ........ ........ ........ ........ 49%  149M 3m4s
21954560K ........ ........ ........ ........ 49%  117M 3m4s
21987328K ........ ........ ........ ........ 49% 96.3M 3m4s
22020096K ........ ........ ........ ........ 49%  125M 3m3s
22052864K ........ ........ ........ ........ 49%  116M 3m3s
22085632K ........ ........ ........ ........ 50% 94.1M 3m3s
22118400K ........ ........ ........ ........ 50% 83.4M 3m3s
22151168K ........ ........ ........ ........ 50%  119M 3m2s
22183936K ........ ........ ........ ........ 50%  122M 3m2s
22216704K ........ ........ ........ ........ 50% 85.3M 3m2s
22249472K ........ ........ ........ ........ 50%  154M 3m2s
22282240K ........ ........ ........ ........ 50% 84.9M 3m1s
22315008K ........ ........ ........ ........ 50%  153M 3m1s
22347776K ........ ........ ........ ........ 50% 75.2M 3m1s
22380544K ........ ........ ........ ........ 50%  153M 3m1s
22413312K ........ ........ ........ ........ 50%  147M 3m0s
22446080K ........ ........ ........ ........ 50%  134M 3m0s
22478848K ........ ........ ........ ........ 50% 94.5M 3m0s
22511616K ........ ........ ........ ........ 50% 73.4M 3m0s
22544384K ........ ........ ........ ........ 51%  107M 2m59s
22577152K ........ ........ ........ ........ 51% 73.8M 2m59s
22609920K ........ ........ ........ ........ 51%  143M 2m59s
22642688K ........ ........ ........ ........ 51% 94.5M 2m59s
22675456K ........ ........ ........ ........ 51% 79.4M 2m59s
22708224K ........ ........ ........ ........ 51%  115M 2m58s
22740992K ........ ........ ........ ........ 51% 82.3M 2m58s
22773760K ........ ........ ........ ........ 51%  134M 2m58s
22806528K ........ ........ ........ ........ 51%  144M 2m58s
22839296K ........ ........ ........ ........ 51% 86.8M 2m57s
22872064K ........ ........ ........ ........ 51% 88.3M 2m57s
22904832K ........ ........ ........ ........ 51%  116M 2m57s
22937600K ........ ........ ........ ........ 51%  132M 2m57s
22970368K ........ ........ ........ ........ 52% 91.0M 2m56s
23003136K ........ ........ ........ ........ 52% 91.7M 2m56s
23035904K ........ ........ ........ ........ 52% 85.0M 2m56s
23068672K ........ ........ ........ ........ 52%  148M 2m56s
23101440K ........ ........ ........ ........ 52% 85.7M 2m56s
23134208K ........ ........ ........ ........ 52%  145M 2m55s
23166976K ........ ........ ........ ........ 52% 61.9M 2m55s
23199744K ........ ........ ........ ........ 52%  149M 2m55s
23232512K ........ ........ ........ ........ 52% 79.0M 2m55s
23265280K ........ ........ ........ ........ 52%  147M 2m54s
23298048K ........ ........ ........ ........ 52% 97.6M 2m54s
23330816K ........ ........ ........ ........ 52%  144M 2m54s
23363584K ........ ........ ........ ........ 52%  120M 2m54s
23396352K ........ ........ ........ ........ 52%  127M 2m53s
23429120K ........ ........ ........ ........ 53%  116M 2m53s
23461888K ........ ........ ........ ........ 53%  147M 2m53s
23494656K ........ ........ ........ ........ 53%  129M 2m52s
23527424K ........ ........ ........ ........ 53%  103M 2m52s
23560192K ........ ........ ........ ........ 53%  132M 2m52s
23592960K ........ ........ ........ ........ 53%  154M 2m52s
23625728K ........ ........ ........ ........ 53%  149M 2m51s
23658496K ........ ........ ........ ........ 53%  151M 2m51s
23691264K ........ ........ ........ ........ 53%  154M 2m51s
23724032K ........ ........ ........ ........ 53%  116M 2m50s
23756800K ........ ........ ........ ........ 53% 93.2M 2m50s
23789568K ........ ........ ........ ........ 53%  104M 2m50s
23822336K ........ ........ ........ ........ 53%  129M 2m50s
23855104K ........ ........ ........ ........ 54% 92.2M 2m49s
23887872K ........ ........ ........ ........ 54% 89.2M 2m49s
23920640K ........ ........ ........ ........ 54%  135M 2m49s
23953408K ........ ........ ........ ........ 54%  153M 2m48s
23986176K ........ ........ ........ ........ 54%  152M 2m48s
24018944K ........ ........ ........ ........ 54%  151M 2m48s
24051712K ........ ........ ........ ........ 54%  156M 2m47s
24084480K ........ ........ ........ ........ 54%  140M 2m47s
24117248K ........ ........ ........ ........ 54%  128M 2m47s
24150016K ........ ........ ........ ........ 54%  128M 2m47s
24182784K ........ ........ ........ ........ 54%  143M 2m46s
24215552K ........ ........ ........ ........ 54%  122M 2m46s
24248320K ........ ........ ........ ........ 54%  115M 2m46s
24281088K ........ ........ ........ ........ 54%  107M 2m45s
24313856K ........ ........ ........ ........ 55%  149M 2m45s
24346624K ........ ........ ........ ........ 55%  151M 2m45s
24379392K ........ ........ ........ ........ 55%  144M 2m45s
24412160K ........ ........ ........ ........ 55%  128M 2m44s
24444928K ........ ........ ........ ........ 55%  133M 2m44s
24477696K ........ ........ ........ ........ 55%  126M 2m44s
24510464K ........ ........ ........ ........ 55% 76.8M 2m44s
24543232K ........ ........ ........ ........ 55%  118M 2m43s
24576000K ........ ........ ........ ........ 55%  140M 2m43s
24608768K ........ ........ ........ ........ 55% 84.7M 2m43s
24641536K ........ ........ ........ ........ 55%  141M 2m42s
24674304K ........ ........ ........ ........ 55%  146M 2m42s
24707072K ........ ........ ........ ........ 55%  103M 2m42s
24739840K ........ ........ ........ ........ 56%  131M 2m42s
24772608K ........ ........ ........ ........ 56%  143M 2m41s
24805376K ........ ........ ........ ........ 56%  154M 2m41s
24838144K ........ ........ ........ ........ 56%  148M 2m41s
24870912K ........ ........ ........ ........ 56%  127M 2m40s
24903680K ........ ........ ........ ........ 56%  147M 2m40s
24936448K ........ ........ ........ ........ 56%  147M 2m40s
24969216K ........ ........ ........ ........ 56%  138M 2m39s
25001984K ........ ........ ........ ........ 56%  132M 2m39s
25034752K ........ ........ ........ ........ 56% 79.3M 2m39s
25067520K ........ ........ ........ ........ 56%  112M 2m39s
25100288K ........ ........ ........ ........ 56%  129M 2m38s
25133056K ........ ........ ........ ........ 56%  114M 2m38s
25165824K ........ ........ ........ ........ 56% 85.0M 2m38s
25198592K ........ ........ ........ ........ 57%  134M 2m38s
25231360K ........ ........ ........ ........ 57%  138M 2m37s
25264128K ........ ........ ........ ........ 57% 93.1M 2m37s
25296896K ........ ........ ........ ........ 57%  132M 2m37s
25329664K ........ ........ ........ ........ 57%  141M 2m37s
25362432K ........ ........ ........ ........ 57% 69.8M 2m36s
25395200K ........ ........ ........ ........ 57%  141M 2m36s
25427968K ........ ........ ........ ........ 57% 80.8M 2m36s
25460736K ........ ........ ........ ........ 57% 94.7M 2m36s
25493504K ........ ........ ........ ........ 57% 96.7M 2m35s
25526272K ........ ........ ........ ........ 57% 45.5M 2m35s
25559040K ........ ........ ........ ........ 57%  134M 2m35s
25591808K ........ ........ ........ ........ 57%  124M 2m35s
25624576K ........ ........ ........ ........ 58%  115M 2m35s
25657344K ........ ........ ........ ........ 58% 72.2M 2m34s
25690112K ........ ........ ........ ........ 58%  102M 2m34s
25722880K ........ ........ ........ ........ 58%  128M 2m34s
25755648K ........ ........ ........ ........ 58%  119M 2m34s
25788416K ........ ........ ........ ........ 58%  151M 2m33s
25821184K ........ ........ ........ ........ 58% 78.5M 2m33s
25853952K ........ ........ ........ ........ 58%  110M 2m33s
25886720K ........ ........ ........ ........ 58%  147M 2m33s
25919488K ........ ........ ........ ........ 58%  151M 2m32s
25952256K ........ ........ ........ ........ 58% 79.9M 2m32s
25985024K ........ ........ ........ ........ 58% 91.2M 2m32s
26017792K ........ ........ ........ ........ 58%  111M 2m32s
26050560K ........ ........ ........ ........ 58%  110M 2m31s
26083328K ........ ........ ........ ........ 59%  119M 2m31s
26116096K ........ ........ ........ ........ 59%  124M 2m31s
26148864K ........ ........ ........ ........ 59%  112M 2m31s
26181632K ........ ........ ........ ........ 59%  148M 2m30s
26214400K ........ ........ ........ ........ 59%  103M 2m30s
26247168K ........ ........ ........ ........ 59%  124M 2m30s
26279936K ........ ........ ........ ........ 59%  150M 2m29s
26312704K ........ ........ ........ ........ 59%  143M 2m29s
26345472K ........ ........ ........ ........ 59%  100M 2m29s
26378240K ........ ........ ........ ........ 59% 87.8M 2m29s
26411008K ........ ........ ........ ........ 59% 58.7M 2m29s
26443776K ........ ........ ........ ........ 59%  111M 2m28s
26476544K ........ ........ ........ ........ 59%  128M 2m28s
26509312K ........ ........ ........ ........ 60% 90.3M 2m28s
26542080K ........ ........ ........ ........ 60% 87.4M 2m28s
26574848K ........ ........ ........ ........ 60% 75.0M 2m27s
26607616K ........ ........ ........ ........ 60% 86.3M 2m27s
26640384K ........ ........ ........ ........ 60%  142M 2m27s
26673152K ........ ........ ........ ........ 60%  122M 2m27s
26705920K ........ ........ ........ ........ 60%  120M 2m26s
26738688K ........ ........ ........ ........ 60%  111M 2m26s
26771456K ........ ........ ........ ........ 60%  118M 2m26s
26804224K ........ ........ ........ ........ 60%  119M 2m25s
26836992K ........ ........ ........ ........ 60% 91.7M 2m25s
26869760K ........ ........ ........ ........ 60%  130M 2m25s
26902528K ........ ........ ........ ........ 60%  143M 2m25s
26935296K ........ ........ ........ ........ 60%  139M 2m24s
26968064K ........ ........ ........ ........ 61%  132M 2m24s
27000832K ........ ........ ........ ........ 61% 92.2M 2m24s
27033600K ........ ........ ........ ........ 61% 79.6M 2m24s
27066368K ........ ........ ........ ........ 61%  132M 2m23s
27099136K ........ ........ ........ ........ 61% 87.2M 2m23s
27131904K ........ ........ ........ ........ 61%  126M 2m23s
27164672K ........ ........ ........ ........ 61% 89.5M 2m23s
27197440K ........ ........ ........ ........ 61% 89.7M 2m22s
27230208K ........ ........ ........ ........ 61%  122M 2m22s
27262976K ........ ........ ........ ........ 61% 76.2M 2m22s
27295744K ........ ........ ........ ........ 61%  101M 2m22s
27328512K ........ ........ ........ ........ 61% 82.4M 2m21s
27361280K ........ ........ ........ ........ 61%  125M 2m21s
27394048K ........ ........ ........ ........ 62%  152M 2m21s
27426816K ........ ........ ........ ........ 62%  109M 2m21s
27459584K ........ ........ ........ ........ 62%  105M 2m20s
27492352K ........ ........ ........ ........ 62% 86.3M 2m20s
27525120K ........ ........ ........ ........ 62%  135M 2m20s
27557888K ........ ........ ........ ........ 62% 81.5M 2m20s
27590656K ........ ........ ........ ........ 62%  119M 2m19s
27623424K ........ ........ ........ ........ 62%  141M 2m19s
27656192K ........ ........ ........ ........ 62%  136M 2m19s
27688960K ........ ........ ........ ........ 62%  102M 2m18s
27721728K ........ ........ ........ ........ 62% 83.5M 2m18s
27754496K ........ ........ ........ ........ 62%  141M 2m18s
27787264K ........ ........ ........ ........ 62%  120M 2m18s
27820032K ........ ........ ........ ........ 62% 91.2M 2m17s
27852800K ........ ........ ........ ........ 63%  123M 2m17s
27885568K ........ ........ ........ ........ 63%  100M 2m17s
27918336K ........ ........ ........ ........ 63% 87.8M 2m17s
27951104K ........ ........ ........ ........ 63%  129M 2m16s
27983872K ........ ........ ........ ........ 63% 85.6M 2m16s
28016640K ........ ........ ........ ........ 63%  103M 2m16s
28049408K ........ ........ ........ ........ 63% 93.7M 2m16s
28082176K ........ ........ ........ ........ 63%  114M 2m15s
28114944K ........ ........ ........ ........ 63%  119M 2m15s
28147712K ........ ........ ........ ........ 63% 98.7M 2m15s
28180480K ........ ........ ........ ........ 63% 98.3M 2m15s
28213248K ........ ........ ........ ........ 63%  144M 2m14s
28246016K ........ ........ ........ ........ 63%  152M 2m14s
28278784K ........ ........ ........ ........ 64%  130M 2m14s
28311552K ........ ........ ........ ........ 64%  123M 2m13s
28344320K ........ ........ ........ ........ 64%  115M 2m13s
28377088K ........ ........ ........ ........ 64% 98.5M 2m13s
28409856K ........ ........ ........ ........ 64%  127M 2m13s
28442624K ........ ........ ........ ........ 64%  147M 2m12s
28475392K ........ ........ ........ ........ 64% 89.1M 2m12s
28508160K ........ ........ ........ ........ 64% 94.5M 2m12s
28540928K ........ ........ ........ ........ 64%  138M 2m12s
28573696K ........ ........ ........ ........ 64%  133M 2m11s
28606464K ........ ........ ........ ........ 64%  113M 2m11s
28639232K ........ ........ ........ ........ 64%  135M 2m11s
28672000K ........ ........ ........ ........ 64%  118M 2m10s
28704768K ........ ........ ........ ........ 64%  151M 2m10s
28737536K ........ ........ ........ ........ 65%  108M 2m10s
28770304K ........ ........ ........ ........ 65%  103M 2m10s
28803072K ........ ........ ........ ........ 65%  151M 2m9s
28835840K ........ ........ ........ ........ 65%  140M 2m9s
28868608K ........ ........ ........ ........ 65%  121M 2m9s
28901376K ........ ........ ........ ........ 65%  107M 2m8s
28934144K ........ ........ ........ ........ 65%  154M 2m8s
28966912K ........ ........ ........ ........ 65%  117M 2m8s
28999680K ........ ........ ........ ........ 65%  130M 2m8s
29032448K ........ ........ ........ ........ 65%  130M 2m7s
29065216K ........ ........ ........ ........ 65% 76.3M 2m7s
29097984K ........ ........ ........ ........ 65%  154M 2m7s
29130752K ........ ........ ........ ........ 65%  153M 2m6s
29163520K ........ ........ ........ ........ 66%  105M 2m6s
29196288K ........ ........ ........ ........ 66%  137M 2m6s
29229056K ........ ........ ........ ........ 66%  139M 2m6s
29261824K ........ ........ ........ ........ 66%  119M 2m5s
29294592K ........ ........ ........ ........ 66%  140M 2m5s
29327360K ........ ........ ........ ........ 66% 69.9M 2m5s
29360128K ........ ........ ........ ........ 66%  150M 2m5s
29392896K ........ ........ ........ ........ 66%  129M 2m4s
29425664K ........ ........ ........ ........ 66% 69.9M 2m4s
29458432K ........ ........ ........ ........ 66%  146M 2m4s
29491200K ........ ........ ........ ........ 66% 99.8M 2m4s
29523968K ........ ........ ........ ........ 66%  152M 2m3s
29556736K ........ ........ ........ ........ 66% 74.0M 2m3s
29589504K ........ ........ ........ ........ 66%  133M 2m3s
29622272K ........ ........ ........ ........ 67%  119M 2m2s
29655040K ........ ........ ........ ........ 67%  107M 2m2s
29687808K ........ ........ ........ ........ 67%  136M 2m2s
29720576K ........ ........ ........ ........ 67%  153M 2m2s
29753344K ........ ........ ........ ........ 67%  137M 2m1s
29786112K ........ ........ ........ ........ 67% 86.2M 2m1s
29818880K ........ ........ ........ ........ 67% 66.5M 2m1s
29851648K ........ ........ ........ ........ 67%  116M 2m1s
29884416K ........ ........ ........ ........ 67%  147M 2m0s
29917184K ........ ........ ........ ........ 67%  114M 2m0s
29949952K ........ ........ ........ ........ 67%  151M 2m0s
29982720K ........ ........ ........ ........ 67% 81.2M 1m59s
30015488K ........ ........ ........ ........ 67%  130M 1m59s
30048256K ........ ........ ........ ........ 68% 80.9M 1m59s
30081024K ........ ........ ........ ........ 68% 55.2M 1m59s
30113792K ........ ........ ........ ........ 68%  142M 1m59s
30146560K ........ ........ ........ ........ 68%  114M 1m58s
30179328K ........ ........ ........ ........ 68%  129M 1m58s
30212096K ........ ........ ........ ........ 68% 64.8M 1m58s
30244864K ........ ........ ........ ........ 68%  109M 1m58s
30277632K ........ ........ ........ ........ 68% 63.6M 1m57s
30310400K ........ ........ ........ ........ 68%  123M 1m57s
30343168K ........ ........ ........ ........ 68%  104M 1m57s
30375936K ........ ........ ........ ........ 68%  127M 1m57s
30408704K ........ ........ ........ ........ 68%  129M 1m56s
30441472K ........ ........ ........ ........ 68%  130M 1m56s
30474240K ........ ........ ........ ........ 68% 71.6M 1m56s
30507008K ........ ........ ........ ........ 69%  104M 1m55s
30539776K ........ ........ ........ ........ 69%  137M 1m55s
30572544K ........ ........ ........ ........ 69%  138M 1m55s
30605312K ........ ........ ........ ........ 69%  150M 1m55s
30638080K ........ ........ ........ ........ 69%  148M 1m54s
30670848K ........ ........ ........ ........ 69% 98.0M 1m54s
30703616K ........ ........ ........ ........ 69% 59.1M 1m54s
30736384K ........ ........ ........ ........ 69%  152M 1m54s
30769152K ........ ........ ........ ........ 69% 87.9M 1m53s
30801920K ........ ........ ........ ........ 69%  143M 1m53s
30834688K ........ ........ ........ ........ 69%  134M 1m53s
30867456K ........ ........ ........ ........ 69%  109M 1m52s
30900224K ........ ........ ........ ........ 69% 78.5M 1m52s
30932992K ........ ........ ........ ........ 70%  149M 1m52s
30965760K ........ ........ ........ ........ 70%  145M 1m52s
30998528K ........ ........ ........ ........ 70%  129M 1m51s
31031296K ........ ........ ........ ........ 70%  128M 1m51s
31064064K ........ ........ ........ ........ 70%  101M 1m51s
31096832K ........ ........ ........ ........ 70% 99.4M 1m51s
31129600K ........ ........ ........ ........ 70%  150M 1m50s
31162368K ........ ........ ........ ........ 70%  150M 1m50s
31195136K ........ ........ ........ ........ 70%  150M 1m50s
31227904K ........ ........ ........ ........ 70%  139M 1m49s
31260672K ........ ........ ........ ........ 70%  118M 1m49s
31293440K ........ ........ ........ ........ 70%  146M 1m49s
31326208K ........ ........ ........ ........ 70%  105M 1m48s
31358976K ........ ........ ........ ........ 70%  144M 1m48s
31391744K ........ ........ ........ ........ 71%  150M 1m48s
31424512K ........ ........ ........ ........ 71%  148M 1m48s
31457280K ........ ........ ........ ........ 71% 59.5M 1m47s
31490048K ........ ........ ........ ........ 71%  114M 1m47s
31522816K ........ ........ ........ ........ 71%  134M 1m47s
31555584K ........ ........ ........ ........ 71% 84.4M 1m47s
31588352K ........ ........ ........ ........ 71%  130M 1m46s
31621120K ........ ........ ........ ........ 71%  149M 1m46s
31653888K ........ ........ ........ ........ 71%  148M 1m46s
31686656K ........ ........ ........ ........ 71%  110M 1m45s
31719424K ........ ........ ........ ........ 71% 99.0M 1m45s
31752192K ........ ........ ........ ........ 71% 80.8M 1m45s
31784960K ........ ........ ........ ........ 71%  144M 1m45s
31817728K ........ ........ ........ ........ 72%  133M 1m44s
31850496K ........ ........ ........ ........ 72% 95.5M 1m44s
31883264K ........ ........ ........ ........ 72%  144M 1m44s
31916032K ........ ........ ........ ........ 72%  148M 1m44s
31948800K ........ ........ ........ ........ 72%  151M 1m43s
31981568K ........ ........ ........ ........ 72% 86.2M 1m43s
32014336K ........ ........ ........ ........ 72%  142M 1m43s
32047104K ........ ........ ........ ........ 72%  146M 1m42s
32079872K ........ ........ ........ ........ 72%  122M 1m42s
32112640K ........ ........ ........ ........ 72%  117M 1m42s
32145408K ........ ........ ........ ........ 72% 61.1M 1m42s
32178176K ........ ........ ........ ........ 72% 63.3M 1m41s
32210944K ........ ........ ........ ........ 72% 91.3M 1m41s
32243712K ........ ........ ........ ........ 72% 87.2M 1m41s
32276480K ........ ........ ........ ........ 73%  142M 1m41s
32309248K ........ ........ ........ ........ 73%  111M 1m40s
32342016K ........ ........ ........ ........ 73% 87.6M 1m40s
32374784K ........ ........ ........ ........ 73%  147M 1m40s
32407552K ........ ........ ........ ........ 73%  135M 1m40s
32440320K ........ ........ ........ ........ 73%  133M 99s
32473088K ........ ........ ........ ........ 73% 96.3M 99s
32505856K ........ ........ ........ ........ 73% 91.9M 99s
32538624K ........ ........ ........ ........ 73%  144M 98s
32571392K ........ ........ ........ ........ 73%  134M 98s
32604160K ........ ........ ........ ........ 73%  102M 98s
32636928K ........ ........ ........ ........ 73%  127M 98s
32669696K ........ ........ ........ ........ 73%  128M 97s
32702464K ........ ........ ........ ........ 74% 91.8M 97s
32735232K ........ ........ ........ ........ 74%  140M 97s
32768000K ........ ........ ........ ........ 74% 84.5M 97s
32800768K ........ ........ ........ ........ 74%  140M 96s
32833536K ........ ........ ........ ........ 74% 91.7M 96s
32866304K ........ ........ ........ ........ 74%  129M 96s
32899072K ........ ........ ........ ........ 74%  144M 95s
32931840K ........ ........ ........ ........ 74%  116M 95s
32964608K ........ ........ ........ ........ 74%  110M 95s
32997376K ........ ........ ........ ........ 74% 99.6M 95s
33030144K ........ ........ ........ ........ 74% 99.6M 94s
33062912K ........ ........ ........ ........ 74% 96.0M 94s
33095680K ........ ........ ........ ........ 74% 97.8M 94s
33128448K ........ ........ ........ ........ 74% 84.4M 94s
33161216K ........ ........ ........ ........ 75%  145M 93s
33193984K ........ ........ ........ ........ 75% 81.3M 93s
33226752K ........ ........ ........ ........ 75%  153M 93s
33259520K ........ ........ ........ ........ 75% 91.0M 93s
33292288K ........ ........ ........ ........ 75%  114M 92s
33325056K ........ ........ ........ ........ 75%  141M 92s
33357824K ........ ........ ........ ........ 75% 83.9M 92s
33390592K ........ ........ ........ ........ 75%  107M 91s
33423360K ........ ........ ........ ........ 75%  130M 91s
33456128K ........ ........ ........ ........ 75%  137M 91s
33488896K ........ ........ ........ ........ 75%  142M 91s
33521664K ........ ........ ........ ........ 75%  110M 90s
33554432K ........ ........ ........ ........ 75%  111M 90s
33587200K ........ ........ ........ ........ 76% 40.7M 90s
33619968K ........ ........ ........ ........ 76% 98.7M 90s
33652736K ........ ........ ........ ........ 76% 77.1M 89s
33685504K ........ ........ ........ ........ 76% 80.2M 89s
33718272K ........ ........ ........ ........ 76%  153M 89s
33751040K ........ ........ ........ ........ 76%  114M 89s
33783808K ........ ........ ........ ........ 76% 64.7M 88s
33816576K ........ ........ ........ ........ 76%  146M 88s
33849344K ........ ........ ........ ........ 76%  147M 88s
33882112K ........ ........ ........ ........ 76%  147M 87s
33914880K ........ ........ ........ ........ 76%  136M 87s
33947648K ........ ........ ........ ........ 76% 79.0M 87s
33980416K ........ ........ ........ ........ 76% 41.4M 87s
34013184K ........ ........ ........ ........ 76%  124M 87s
34045952K ........ ........ ........ ........ 77%  126M 86s
34078720K ........ ........ ........ ........ 77%  128M 86s
34111488K ........ ........ ........ ........ 77%  124M 86s
34144256K ........ ........ ........ ........ 77% 92.9M 85s
34177024K ........ ........ ........ ........ 77%  140M 85s
34209792K ........ ........ ........ ........ 77%  117M 85s
34242560K ........ ........ ........ ........ 77% 94.1M 85s
34275328K ........ ........ ........ ........ 77%  102M 84s
34308096K ........ ........ ........ ........ 77% 85.6M 84s
34340864K ........ ........ ........ ........ 77% 48.7M 84s
34373632K ........ ........ ........ ........ 77% 88.4M 84s
34406400K ........ ........ ........ ........ 77%  128M 83s
34439168K ........ ........ ........ ........ 77%  120M 83s
34471936K ........ ........ ........ ........ 78%  132M 83s
34504704K ........ ........ ........ ........ 78%  102M 82s
34537472K ........ ........ ........ ........ 78% 81.1M 82s
34570240K ........ ........ ........ ........ 78%  122M 82s
34603008K ........ ........ ........ ........ 78%  121M 82s
34635776K ........ ........ ........ ........ 78% 83.9M 81s
34668544K ........ ........ ........ ........ 78% 89.8M 81s
34701312K ........ ........ ........ ........ 78% 39.2M 81s
34734080K ........ ........ ........ ........ 78%  145M 81s
34766848K ........ ........ ........ ........ 78%  135M 80s
34799616K ........ ........ ........ ........ 78%  151M 80s
34832384K ........ ........ ........ ........ 78% 91.4M 80s
34865152K ........ ........ ........ ........ 78% 89.0M 80s
34897920K ........ ........ ........ ........ 78%  150M 79s
34930688K ........ ........ ........ ........ 79%  149M 79s
34963456K ........ ........ ........ ........ 79%  138M 79s
34996224K ........ ........ ........ ........ 79%  148M 78s
35028992K ........ ........ ........ ........ 79% 69.7M 78s
35061760K ........ ........ ........ ........ 79%  142M 78s
35094528K ........ ........ ........ ........ 79% 58.9M 78s
35127296K ........ ........ ........ ........ 79%  150M 77s
35160064K ........ ........ ........ ........ 79%  127M 77s
35192832K ........ ........ ........ ........ 79% 90.5M 77s
35225600K ........ ........ ........ ........ 79%  124M 77s
35258368K ........ ........ ........ ........ 79%  139M 76s
35291136K ........ ........ ........ ........ 79% 89.9M 76s
35323904K ........ ........ ........ ........ 79%  151M 76s
35356672K ........ ........ ........ ........ 80%  148M 75s
35389440K ........ ........ ........ ........ 80%  114M 75s
35422208K ........ ........ ........ ........ 80%  115M 75s
35454976K ........ ........ ........ ........ 80%  141M 75s
35487744K ........ ........ ........ ........ 80%  152M 74s
35520512K ........ ........ ........ ........ 80%  151M 74s
35553280K ........ ........ ........ ........ 80% 98.6M 74s
35586048K ........ ........ ........ ........ 80%  132M 73s
35618816K ........ ........ ........ ........ 80% 55.5M 73s
35651584K ........ ........ ........ ........ 80%  157M 73s
35684352K ........ ........ ........ ........ 80%  116M 73s
35717120K ........ ........ ........ ........ 80% 50.7M 72s
35749888K ........ ........ ........ ........ 80%  148M 72s
35782656K ........ ........ ........ ........ 80%  134M 72s
35815424K ........ ........ ........ ........ 81%  136M 72s
35848192K ........ ........ ........ ........ 81%  132M 71s
35880960K ........ ........ ........ ........ 81%  135M 71s
35913728K ........ ........ ........ ........ 81% 92.1M 71s
35946496K ........ ........ ........ ........ 81%  118M 70s
35979264K ........ ........ ........ ........ 81% 91.8M 70s
36012032K ........ ........ ........ ........ 81%  147M 70s
36044800K ........ ........ ........ ........ 81%  115M 70s
36077568K ........ ........ ........ ........ 81%  147M 69s
36110336K ........ ........ ........ ........ 81%  112M 69s
36143104K ........ ........ ........ ........ 81%  146M 69s
36175872K ........ ........ ........ ........ 81%  150M 68s
36208640K ........ ........ ........ ........ 81% 54.9M 68s
36241408K ........ ........ ........ ........ 82%  150M 68s
36274176K ........ ........ ........ ........ 82%  123M 68s
36306944K ........ ........ ........ ........ 82%  126M 67s
36339712K ........ ........ ........ ........ 82% 95.4M 67s
36372480K ........ ........ ........ ........ 82% 88.1M 67s
36405248K ........ ........ ........ ........ 82% 94.2M 67s
36438016K ........ ........ ........ ........ 82%  145M 66s
36470784K ........ ........ ........ ........ 82% 80.6M 66s
36503552K ........ ........ ........ ........ 82% 96.6M 66s
36536320K ........ ........ ........ ........ 82%  154M 65s
36569088K ........ ........ ........ ........ 82%  153M 65s
36601856K ........ ........ ........ ........ 82%  143M 65s
36634624K ........ ........ ........ ........ 82%  148M 65s
36667392K ........ ........ ........ ........ 82%  135M 64s
36700160K ........ ........ ........ ........ 83%  124M 64s
36732928K ........ ........ ........ ........ 83%  143M 64s
36765696K ........ ........ ........ ........ 83%  152M 63s
36798464K ........ ........ ........ ........ 83%  116M 63s
36831232K ........ ........ ........ ........ 83%  147M 63s
36864000K ........ ........ ........ ........ 83%  151M 63s
36896768K ........ ........ ........ ........ 83%  106M 62s
36929536K ........ ........ ........ ........ 83% 98.6M 62s
36962304K ........ ........ ........ ........ 83%  121M 62s
36995072K ........ ........ ........ ........ 83%  108M 61s
37027840K ........ ........ ........ ........ 83% 63.4M 61s
37060608K ........ ........ ........ ........ 83%  132M 61s
37093376K ........ ........ ........ ........ 83%  150M 61s
37126144K ........ ........ ........ ........ 84%  135M 60s
37158912K ........ ........ ........ ........ 84% 96.7M 60s
37191680K ........ ........ ........ ........ 84%  151M 60s
37224448K ........ ........ ........ ........ 84%  121M 59s
37257216K ........ ........ ........ ........ 84% 86.3M 59s
37289984K ........ ........ ........ ........ 84%  133M 59s
37322752K ........ ........ ........ ........ 84%  111M 59s
37355520K ........ ........ ........ ........ 84%  102M 58s
37388288K ........ ........ ........ ........ 84%  107M 58s
37421056K ........ ........ ........ ........ 84%  141M 58s
37453824K ........ ........ ........ ........ 84% 58.6M 58s
37486592K ........ ........ ........ ........ 84%  160M 57s
37519360K ........ ........ ........ ........ 84% 91.3M 57s
37552128K ........ ........ ........ ........ 84%  109M 57s
37584896K ........ ........ ........ ........ 85%  143M 56s
37617664K ........ ........ ........ ........ 85% 84.5M 56s
37650432K ........ ........ ........ ........ 85%  152M 56s
37683200K ........ ........ ........ ........ 85%  149M 56s
37715968K ........ ........ ........ ........ 85% 67.4M 55s
37748736K ........ ........ ........ ........ 85% 90.1M 55s
37781504K ........ ........ ........ ........ 85%  129M 55s
37814272K ........ ........ ........ ........ 85%  151M 55s
37847040K ........ ........ ........ ........ 85% 89.1M 54s
37879808K ........ ........ ........ ........ 85%  147M 54s
37912576K ........ ........ ........ ........ 85% 78.4M 54s
37945344K ........ ........ ........ ........ 85%  153M 53s
37978112K ........ ........ ........ ........ 85%  152M 53s
38010880K ........ ........ ........ ........ 86%  142M 53s
38043648K ........ ........ ........ ........ 86%  150M 53s
38076416K ........ ........ ........ ........ 86% 92.1M 52s
38109184K ........ ........ ........ ........ 86%  115M 52s
38141952K ........ ........ ........ ........ 86%  148M 52s
38174720K ........ ........ ........ ........ 86%  153M 51s
38207488K ........ ........ ........ ........ 86%  116M 51s
38240256K ........ ........ ........ ........ 86%  110M 51s
38273024K ........ ........ ........ ........ 86%  114M 51s
38305792K ........ ........ ........ ........ 86%  144M 50s
38338560K ........ ........ ........ ........ 86%  149M 50s
38371328K ........ ........ ........ ........ 86%  145M 50s
38404096K ........ ........ ........ ........ 86%  134M 49s
38436864K ........ ........ ........ ........ 86%  149M 49s
38469632K ........ ........ ........ ........ 87% 81.5M 49s
38502400K ........ ........ ........ ........ 87%  153M 49s
38535168K ........ ........ ........ ........ 87%  141M 48s
38567936K ........ ........ ........ ........ 87%  147M 48s
38600704K ........ ........ ........ ........ 87%  154M 48s
38633472K ........ ........ ........ ........ 87%  114M 47s
38666240K ........ ........ ........ ........ 87%  115M 47s
38699008K ........ ........ ........ ........ 87%  141M 47s
38731776K ........ ........ ........ ........ 87% 60.9M 47s
38764544K ........ ........ ........ ........ 87% 99.9M 46s
38797312K ........ ........ ........ ........ 87%  145M 46s
38830080K ........ ........ ........ ........ 87% 85.9M 46s
38862848K ........ ........ ........ ........ 87%  156M 45s
38895616K ........ ........ ........ ........ 88%  115M 45s
38928384K ........ ........ ........ ........ 88% 82.5M 45s
38961152K ........ ........ ........ ........ 88%  149M 45s
38993920K ........ ........ ........ ........ 88%  149M 44s
39026688K ........ ........ ........ ........ 88%  152M 44s
39059456K ........ ........ ........ ........ 88%  108M 44s
39092224K ........ ........ ........ ........ 88%  148M 44s
39124992K ........ ........ ........ ........ 88%  146M 43s
39157760K ........ ........ ........ ........ 88% 95.2M 43s
39190528K ........ ........ ........ ........ 88%  141M 43s
39223296K ........ ........ ........ ........ 88%  140M 42s
39256064K ........ ........ ........ ........ 88%  151M 42s
39288832K ........ ........ ........ ........ 88% 95.7M 42s
39321600K ........ ........ ........ ........ 89%  109M 42s
39354368K ........ ........ ........ ........ 89% 56.7M 41s
39387136K ........ ........ ........ ........ 89%  153M 41s
39419904K ........ ........ ........ ........ 89%  153M 41s
39452672K ........ ........ ........ ........ 89% 91.7M 40s
39485440K ........ ........ ........ ........ 89%  137M 40s
39518208K ........ ........ ........ ........ 89%  132M 40s
39550976K ........ ........ ........ ........ 89%  111M 40s
39583744K ........ ........ ........ ........ 89%  120M 39s
39616512K ........ ........ ........ ........ 89%  150M 39s
39649280K ........ ........ ........ ........ 89%  111M 39s
39682048K ........ ........ ........ ........ 89%  148M 38s
39714816K ........ ........ ........ ........ 89%  147M 38s
39747584K ........ ........ ........ ........ 89%  138M 38s
39780352K ........ ........ ........ ........ 90% 83.2M 38s
39813120K ........ ........ ........ ........ 90% 86.8M 37s
39845888K ........ ........ ........ ........ 90% 88.2M 37s
39878656K ........ ........ ........ ........ 90%  152M 37s
39911424K ........ ........ ........ ........ 90%  149M 36s
39944192K ........ ........ ........ ........ 90%  109M 36s
39976960K ........ ........ ........ ........ 90%  145M 36s
40009728K ........ ........ ........ ........ 90% 68.5M 36s
40042496K ........ ........ ........ ........ 90%  154M 35s
40075264K ........ ........ ........ ........ 90% 88.2M 35s
40108032K ........ ........ ........ ........ 90%  137M 35s
40140800K ........ ........ ........ ........ 90% 82.4M 35s
40173568K ........ ........ ........ ........ 90%  147M 34s
40206336K ........ ........ ........ ........ 91%  153M 34s
40239104K ........ ........ ........ ........ 91% 73.6M 34s
40271872K ........ ........ ........ ........ 91%  154M 33s
40304640K ........ ........ ........ ........ 91%  150M 33s
40337408K ........ ........ ........ ........ 91% 91.3M 33s
40370176K ........ ........ ........ ........ 91%  150M 33s
40402944K ........ ........ ........ ........ 91%  111M 32s
40435712K ........ ........ ........ ........ 91%  155M 32s
40468480K ........ ........ ........ ........ 91%  148M 32s
40501248K ........ ........ ........ ........ 91%  155M 31s
40534016K ........ ........ ........ ........ 91% 97.3M 31s
40566784K ........ ........ ........ ........ 91%  128M 31s
40599552K ........ ........ ........ ........ 91% 94.5M 31s
40632320K ........ ........ ........ ........ 91% 95.7M 30s
40665088K ........ ........ ........ ........ 92%  106M 30s
40697856K ........ ........ ........ ........ 92%  153M 30s
40730624K ........ ........ ........ ........ 92%  127M 29s
40763392K ........ ........ ........ ........ 92%  150M 29s
40796160K ........ ........ ........ ........ 92%  139M 29s
40828928K ........ ........ ........ ........ 92%  155M 29s
40861696K ........ ........ ........ ........ 92%  121M 28s
40894464K ........ ........ ........ ........ 92%  143M 28s
40927232K ........ ........ ........ ........ 92%  145M 28s
40960000K ........ ........ ........ ........ 92%  136M 28s
40992768K ........ ........ ........ ........ 92% 72.0M 27s
41025536K ........ ........ ........ ........ 92%  149M 27s
41058304K ........ ........ ........ ........ 92%  152M 27s
41091072K ........ ........ ........ ........ 93% 86.5M 26s
41123840K ........ ........ ........ ........ 93%  147M 26s
41156608K ........ ........ ........ ........ 93%  153M 26s
41189376K ........ ........ ........ ........ 93%  152M 26s
41222144K ........ ........ ........ ........ 93%  108M 25s
41254912K ........ ........ ........ ........ 93%  160M 25s
41287680K ........ ........ ........ ........ 93%  110M 25s
41320448K ........ ........ ........ ........ 93% 97.4M 24s
41353216K ........ ........ ........ ........ 93% 93.9M 24s
41385984K ........ ........ ........ ........ 93%  149M 24s
41418752K ........ ........ ........ ........ 93%  150M 24s
41451520K ........ ........ ........ ........ 93%  149M 23s
41484288K ........ ........ ........ ........ 93%  132M 23s
41517056K ........ ........ ........ ........ 93% 46.6M 23s
41549824K ........ ........ ........ ........ 94%  152M 22s
41582592K ........ ........ ........ ........ 94%  124M 22s
41615360K ........ ........ ........ ........ 94%  118M 22s
41648128K ........ ........ ........ ........ 94% 97.7M 22s
41680896K ........ ........ ........ ........ 94%  150M 21s
41713664K ........ ........ ........ ........ 94%  149M 21s
41746432K ........ ........ ........ ........ 94%  151M 21s
41779200K ........ ........ ........ ........ 94%  153M 21s
41811968K ........ ........ ........ ........ 94%  150M 20s
41844736K ........ ........ ........ ........ 94% 62.0M 20s
41877504K ........ ........ ........ ........ 94%  118M 20s
41910272K ........ ........ ........ ........ 94%  155M 19s
41943040K ........ ........ ........ ........ 94% 66.2M 19s
41975808K ........ ........ ........ ........ 95%  105M 19s
42008576K ........ ........ ........ ........ 95%  132M 19s
42041344K ........ ........ ........ ........ 95%  121M 18s
42074112K ........ ........ ........ ........ 95% 65.8M 18s
42106880K ........ ........ ........ ........ 95%  152M 18s
42139648K ........ ........ ........ ........ 95% 84.2M 17s
42172416K ........ ........ ........ ........ 95%  114M 17s
42205184K ........ ........ ........ ........ 95%  147M 17s
42237952K ........ ........ ........ ........ 95%  126M 17s
42270720K ........ ........ ........ ........ 95%  141M 16s
42303488K ........ ........ ........ ........ 95%  105M 16s
42336256K ........ ........ ........ ........ 95%  145M 16s
42369024K ........ ........ ........ ........ 95%  114M 15s
42401792K ........ ........ ........ ........ 95% 97.8M 15s
42434560K ........ ........ ........ ........ 96%  104M 15s
42467328K ........ ........ ........ ........ 96% 54.5M 15s
42500096K ........ ........ ........ ........ 96%  154M 14s
42532864K ........ ........ ........ ........ 96%  143M 14s
42565632K ........ ........ ........ ........ 96%  154M 14s
42598400K ........ ........ ........ ........ 96%  110M 14s
42631168K ........ ........ ........ ........ 96%  146M 13s
42663936K ........ ........ ........ ........ 96%  112M 13s
42696704K ........ ........ ........ ........ 96% 95.2M 13s
42729472K ........ ........ ........ ........ 96%  147M 12s
42762240K ........ ........ ........ ........ 96%  104M 12s
42795008K ........ ........ ........ ........ 96%  148M 12s
42827776K ........ ........ ........ ........ 96%  116M 12s
42860544K ........ ........ ........ ........ 97%  128M 11s
42893312K ........ ........ ........ ........ 97%  150M 11s
42926080K ........ ........ ........ ........ 97%  150M 11s
42958848K ........ ........ ........ ........ 97%  155M 10s
42991616K ........ ........ ........ ........ 97%  106M 10s
43024384K ........ ........ ........ ........ 97%  149M 10s
43057152K ........ ........ ........ ........ 97%  115M 10s
43089920K ........ ........ ........ ........ 97%  154M 9s
43122688K ........ ........ ........ ........ 97%  152M 9s
43155456K ........ ........ ........ ........ 97%  119M 9s
43188224K ........ ........ ........ ........ 97% 76.1M 9s
43220992K ........ ........ ........ ........ 97%  123M 8s
43253760K ........ ........ ........ ........ 97% 92.0M 8s
43286528K ........ ........ ........ ........ 97%  153M 8s
43319296K ........ ........ ........ ........ 98%  142M 7s
43352064K ........ ........ ........ ........ 98%  151M 7s
43384832K ........ ........ ........ ........ 98%  101M 7s
43417600K ........ ........ ........ ........ 98%  121M 7s
43450368K ........ ........ ........ ........ 98%  103M 6s
43483136K ........ ........ ........ ........ 98%  141M 6s
43515904K ........ ........ ........ ........ 98%  117M 6s
43548672K ........ ........ ........ ........ 98%  102M 5s
43581440K ........ ........ ........ ........ 98%  150M 5s
43614208K ........ ........ ........ ........ 98%  116M 5s
43646976K ........ ........ ........ ........ 98% 98.2M 5s
43679744K ........ ........ ........ ........ 98%  151M 4s
43712512K ........ ........ ........ ........ 98% 98.3M 4s
43745280K ........ ........ ........ ........ 99%  108M 4s
43778048K ........ ........ ........ ........ 99%  145M 3s
43810816K ........ ........ ........ ........ 99%  109M 3s
43843584K ........ ........ ........ ........ 99%  155M 3s
43876352K ........ ........ ........ ........ 99%  134M 3s
43909120K ........ ........ ........ ........ 99%  155M 2s
43941888K ........ ........ ........ ........ 99% 79.4M 2s
43974656K ........ ........ ........ ........ 99%  133M 2s
44007424K ........ ........ ........ ........ 99% 42.3M 2s
44040192K ........ ........ ........ ........ 99%  148M 1s
44072960K ........ ........ ........ ........ 99%  136M 1s
44105728K ........ ........ ........ ........ 99%  141M 1s
44138496K ........ ........ ........ ........ 99% 78.1M 0s
44171264K ........ ........ ........ ........ 99%  146M 0s
44204032K ........ .....                     100% 41.2M=6m17s

2026-08-27 18:17:07 (114 MB/s) - 'data/external/egtex_breast/BreastMammaryTissue.mQTLs.regular.txt.gz' saved [45279365738/45279365738]

