[*] Host: r278.ib.bridges2.psc.edu
[*] Job:  44406262, task 4
[*] Harmonizing GENOA chr4
[*] Started: Tue Aug 25 06:56:35 EDT 2026

==============================================================
model-visible pairs : 45,382
unique probes       : 13,278
unique variants     : 24,793
output              : data/external/genoa_meqtl/harmonized/genoa_model_visible_pairs_chr4.csv.gz  (1.7 MB)
median |distance|   : 246 bp

abs distance histogram (sanity check on coordinate bases):
        0-1 bp           0  
        1-2 bp           0  
        2-5 bp         135  
       5-10 bp         416  
      10-25 bp       1,440  ###
      25-50 bp       2,353  #####
     50-100 bp       4,738  ##########
    100-250 bp      13,930  ###############################
    250-500 bp      22,286  ##################################################
   500-1000 bp          84  
==============================================================
[✓] chr4 complete: Tue Aug 25 06:57:08 EDT 2026
