[*] Host: r025.ib.bridges2.psc.edu
[*] Job:  44406262, task 9
[*] Harmonizing GENOA chr9
[*] Started: Tue Aug 25 06:56:34 EDT 2026

==============================================================
model-visible pairs : 18,185
unique probes       : 5,748
unique variants     : 12,474
output              : data/external/genoa_meqtl/harmonized/genoa_model_visible_pairs_chr9.csv.gz  (0.7 MB)
median |distance|   : 251 bp

abs distance histogram (sanity check on coordinate bases):
        0-1 bp           0  
        1-2 bp           0  
        2-5 bp          52  
       5-10 bp         153  
      10-25 bp         565  ###
      25-50 bp         952  #####
     50-100 bp       1,820  #########
    100-250 bp       5,506  ##############################
    250-500 bp       9,109  ##################################################
   500-1000 bp          28  
==============================================================
[✓] chr9 complete: Tue Aug 25 06:56:51 EDT 2026
