[*] Host: r216.ib.bridges2.psc.edu
[*] Job:  44406262, task 2
[*] Harmonizing GENOA chr2
[*] Started: Tue Aug 25 06:56:32 EDT 2026

==============================================================
model-visible pairs : 69,687
unique probes       : 20,808
unique variants     : 40,913
output              : data/external/genoa_meqtl/harmonized/genoa_model_visible_pairs_chr2.csv.gz  (2.6 MB)
median |distance|   : 250 bp

abs distance histogram (sanity check on coordinate bases):
        0-1 bp           0  
        1-2 bp           0  
        2-5 bp         219  
       5-10 bp         639  
      10-25 bp       2,190  ###
      25-50 bp       3,647  #####
     50-100 bp       7,190  ##########
    100-250 bp      20,913  ##############################
    250-500 bp      34,751  ##################################################
   500-1000 bp         138  
==============================================================
[✓] chr2 complete: Tue Aug 25 06:57:08 EDT 2026
