[*] Host: r022.ib.bridges2.psc.edu
[*] Job:  44406262, task 7
[*] Harmonizing GENOA chr7
[*] Started: Tue Aug 25 06:56:32 EDT 2026

==============================================================
model-visible pairs : 60,065
unique probes       : 17,171
unique variants     : 31,489
output              : data/external/genoa_meqtl/harmonized/genoa_model_visible_pairs_chr7.csv.gz  (2.2 MB)
median |distance|   : 249 bp

abs distance histogram (sanity check on coordinate bases):
        0-1 bp           0  
        1-2 bp           0  
        2-5 bp         195  
       5-10 bp         528  
      10-25 bp       1,919  ###
      25-50 bp       3,128  #####
     50-100 bp       6,290  ##########
    100-250 bp      18,065  ##############################
    250-500 bp      29,839  ##################################################
   500-1000 bp         101  
==============================================================
[✓] chr7 complete: Tue Aug 25 06:57:03 EDT 2026
