[*] Host: r022.ib.bridges2.psc.edu
[*] Job:  44406262, task 6
[*] Harmonizing GENOA chr6
[*] Started: Tue Aug 25 06:56:32 EDT 2026

==============================================================
model-visible pairs : 96,204
unique probes       : 23,345
unique variants     : 39,792
output              : data/external/genoa_meqtl/harmonized/genoa_model_visible_pairs_chr6.csv.gz  (3.5 MB)
median |distance|   : 247 bp

abs distance histogram (sanity check on coordinate bases):
        0-1 bp           0  
        1-2 bp           0  
        2-5 bp         317  
       5-10 bp         850  
      10-25 bp       3,077  ###
      25-50 bp       5,003  #####
     50-100 bp      10,105  ##########
    100-250 bp      29,275  ##############################
    250-500 bp      47,394  ##################################################
   500-1000 bp         183  
==============================================================
[✓] chr6 complete: Tue Aug 25 06:57:13 EDT 2026
