[*] Host: r272.ib.bridges2.psc.edu
[*] Job:  44406262, task 21
[*] Harmonizing GENOA chr21
[*] Started: Tue Aug 25 06:56:32 EDT 2026

==============================================================
model-visible pairs : 7,442
unique probes       : 2,243
unique variants     : 4,205
output              : data/external/genoa_meqtl/harmonized/genoa_model_visible_pairs_chr21.csv.gz  (0.3 MB)
median |distance|   : 247 bp

abs distance histogram (sanity check on coordinate bases):
        0-1 bp           0  
        1-2 bp           0  
        2-5 bp          30  
       5-10 bp          55  
      10-25 bp         238  ###
      25-50 bp         408  #####
     50-100 bp         791  ##########
    100-250 bp       2,242  ##############################
    250-500 bp       3,658  ##################################################
   500-1000 bp          20  
==============================================================
[✓] chr21 complete: Tue Aug 25 06:56:44 EDT 2026
