[*] Host: r048.ib.bridges2.psc.edu
[*] Job:  44406262, task 11
[*] Harmonizing GENOA chr11
[*] Started: Tue Aug 25 06:56:32 EDT 2026

==============================================================
model-visible pairs : 54,440
unique probes       : 17,065
unique variants     : 28,867
output              : data/external/genoa_meqtl/harmonized/genoa_model_visible_pairs_chr11.csv.gz  (2.0 MB)
median |distance|   : 249 bp

abs distance histogram (sanity check on coordinate bases):
        0-1 bp           0  
        1-2 bp           0  
        2-5 bp         166  
       5-10 bp         451  
      10-25 bp       1,701  ###
      25-50 bp       2,858  #####
     50-100 bp       5,566  ##########
    100-250 bp      16,546  ##############################
    250-500 bp      27,049  ##################################################
   500-1000 bp         103  
==============================================================
[✓] chr11 complete: Tue Aug 25 06:57:02 EDT 2026
