[*] Host: r227.ib.bridges2.psc.edu
[*] Job:  44406262, task 15
[*] Harmonizing GENOA chr15
[*] Started: Tue Aug 25 06:56:32 EDT 2026

==============================================================
model-visible pairs : 32,049
unique probes       : 9,593
unique variants     : 17,955
output              : data/external/genoa_meqtl/harmonized/genoa_model_visible_pairs_chr15.csv.gz  (1.2 MB)
median |distance|   : 249 bp

abs distance histogram (sanity check on coordinate bases):
        0-1 bp           0  
        1-2 bp           0  
        2-5 bp         100  
       5-10 bp         278  
      10-25 bp         981  ###
      25-50 bp       1,658  #####
     50-100 bp       3,314  ##########
    100-250 bp       9,739  ##############################
    250-500 bp      15,918  ##################################################
   500-1000 bp          61  
==============================================================
[✓] chr15 complete: Tue Aug 25 06:56:50 EDT 2026
