[*] Host: r272.ib.bridges2.psc.edu
[*] Job:  44406262, task 20
[*] Harmonizing GENOA chr20
[*] Started: Tue Aug 25 06:56:32 EDT 2026

==============================================================
model-visible pairs : 18,842
unique probes       : 6,225
unique variants     : 8,801
output              : data/external/genoa_meqtl/harmonized/genoa_model_visible_pairs_chr20.csv.gz  (0.7 MB)
median |distance|   : 248 bp

abs distance histogram (sanity check on coordinate bases):
        0-1 bp           0  
        1-2 bp           0  
        2-5 bp          59  
       5-10 bp         184  
      10-25 bp         592  ###
      25-50 bp         979  #####
     50-100 bp       2,025  ##########
    100-250 bp       5,662  ##############################
    250-500 bp       9,302  ##################################################
   500-1000 bp          39  
==============================================================
[✓] chr20 complete: Tue Aug 25 06:56:49 EDT 2026
