[*] Host: r048.ib.bridges2.psc.edu
[*] Job:  44406262, task 10
[*] Harmonizing GENOA chr10
[*] Started: Tue Aug 25 06:56:32 EDT 2026

==============================================================
model-visible pairs : 52,758
unique probes       : 14,941
unique variants     : 28,072
output              : data/external/genoa_meqtl/harmonized/genoa_model_visible_pairs_chr10.csv.gz  (2.0 MB)
median |distance|   : 249 bp

abs distance histogram (sanity check on coordinate bases):
        0-1 bp           0  
        1-2 bp           0  
        2-5 bp         193  
       5-10 bp         431  
      10-25 bp       1,581  ###
      25-50 bp       2,699  #####
     50-100 bp       5,514  ##########
    100-250 bp      16,059  ##############################
    250-500 bp      26,171  ##################################################
   500-1000 bp         110  
==============================================================
[✓] chr10 complete: Tue Aug 25 06:57:01 EDT 2026
