[*] Host: r234.ib.bridges2.psc.edu
[*] Job:  44406262, task 17
[*] Harmonizing GENOA chr17
[*] Started: Tue Aug 25 06:56:32 EDT 2026

==============================================================
model-visible pairs : 38,299
unique probes       : 13,177
unique variants     : 19,795
output              : data/external/genoa_meqtl/harmonized/genoa_model_visible_pairs_chr17.csv.gz  (1.4 MB)
median |distance|   : 250 bp

abs distance histogram (sanity check on coordinate bases):
        0-1 bp           0  
        1-2 bp           0  
        2-5 bp         147  
       5-10 bp         333  
      10-25 bp       1,181  ###
      25-50 bp       2,065  #####
     50-100 bp       3,849  ##########
    100-250 bp      11,511  ##############################
    250-500 bp      19,142  ##################################################
   500-1000 bp          71  
==============================================================
[✓] chr17 complete: Tue Aug 25 06:56:50 EDT 2026
