[*] Host: r269.ib.bridges2.psc.edu
[*] Job:  44406262, task 19
[*] Harmonizing GENOA chr19
[*] Started: Tue Aug 25 06:56:34 EDT 2026

==============================================================
model-visible pairs : 29,131
unique probes       : 10,688
unique variants     : 13,128
output              : data/external/genoa_meqtl/harmonized/genoa_model_visible_pairs_chr19.csv.gz  (1.1 MB)
median |distance|   : 244 bp

abs distance histogram (sanity check on coordinate bases):
        0-1 bp           0  
        1-2 bp           0  
        2-5 bp          82  
       5-10 bp         266  
      10-25 bp         911  ###
      25-50 bp       1,518  #####
     50-100 bp       3,070  ##########
    100-250 bp       9,049  ###############################
    250-500 bp      14,183  ##################################################
   500-1000 bp          52  
==============================================================
[✓] chr19 complete: Tue Aug 25 06:56:49 EDT 2026
