[*] Host: r274.ib.bridges2.psc.edu
[*] Job:  44406262, task 22
[*] Harmonizing GENOA chr22
[*] Started: Tue Aug 25 06:56:34 EDT 2026

==============================================================
model-visible pairs : 16,246
unique probes       : 5,206
unique variants     : 7,953
output              : data/external/genoa_meqtl/harmonized/genoa_model_visible_pairs_chr22.csv.gz  (0.6 MB)
median |distance|   : 252 bp

abs distance histogram (sanity check on coordinate bases):
        0-1 bp           0  
        1-2 bp           0  
        2-5 bp          45  
       5-10 bp         145  
      10-25 bp         496  ###
      25-50 bp         804  ####
     50-100 bp       1,638  ##########
    100-250 bp       4,943  ##############################
    250-500 bp       8,134  ##################################################
   500-1000 bp          41  
==============================================================
[✓] chr22 complete: Tue Aug 25 06:56:48 EDT 2026
